12.1  charge passing a wire (wire on y axis, 2 A along -y; Q at (0,1,-3) m, v = 5 z m/s)
  PASS  B at the charge [T]: computed [1.33333e-07, 0.00000e+00, 0.00000e+00] | page [1.33e-07, 0.00e+00, 0.00e+00]
  PASS  F/Q = v x B [N/C]: computed [0.00000e+00, 6.66667e-07, 0.00000e+00] | page [0.00e+00, 6.67e-07, 0.00e+00]
   unit F = [0. 1. 0.] -> option (c) +y
   (a) B dir: [1. 0. 0.]  (b) B with current +y: [-1.  0.  0.]  (d) B x v dir: [ 0. -1.  0.]
   F.v = 0.00e+00, F.B = 0.00e+00; v along x gives |F| = 0.00e+00

12.2  antiparallel wires (10 A +x on x axis; 6 A -x on y = 4 cm)
  PASS  (a) B1 at wire 2 [T]: computed [0.e+00, 0.e+00, 5.e-05] | page [0.e+00, 0.e+00, 5.e-05]
  PASS  (b) F2 per metre [N/m] (+y: repel): computed [0.    , 0.0003, 0.    ] | page [0.    , 0.0003, 0.    ]
  PASS  (b) mu0 I1 I2/(2 pi d) [N/m]: computed 0.0003 | page 0.0003
  PASS  (c) wire 1 at midpoint [T]: computed [0.e+00, 0.e+00, 1.e-04] | page [0.    , 0.    , 0.0001]
  PASS  (c) wire 2 at midpoint [T]: computed [0.e+00, 0.e+00, 6.e-05] | page [0.e+00, 0.e+00, 6.e-05]
  PASS  (c) total at midpoint [T]: computed [0.     , 0.     , 0.00016] | page [0.     , 0.     , 0.00016]
  PASS  check: B2 at wire 1 [T]: computed [0.e+00, 0.e+00, 3.e-05] | page [0.e+00, 0.e+00, 3.e-05]
  PASS  check: F1 per metre [N/m]: computed [ 0.    , -0.0003,  0.    ] | page [ 0.    , -0.0003,  0.    ]

12.3  electron in B = 5e-5 z T, v0 = 2e5 x m/s (e = 1.602e-19 C, m = 9.109e-31 kg)
  PASS  (a) F(0) [N]: computed [-0.000e+00,  1.602e-18, -0.000e+00] | page [0.0e+00, 1.6e-18, 0.0e+00]
  PASS  (b) R [m] (ODE): computed 0.0227441 | page 0.0227
  PASS  (b) T [s] (ODE): computed 7.14526e-07 | page 7.14e-07
  PASS  (b) f [Hz]: computed 1.39953e+06 | page 1.4e+06
  PASS  (c) centre [m]: computed [2.96091e-15, 2.27441e-02, 0.00000e+00] | page [0.    , 0.0227, 0.    ]
   (c) Lz about centre = +4.549e+03 -> counter-clockwise seen from +z
   check: proton force direction [ 0. -1.  0.]

12.4  which field is magnetic (B0 = 1 T, a = 1 m, finite differences)
  PASS  (a) div B: computed 2 | page 2
  PASS  (b) div B: computed 1 | page 1
  PASS  (c) div B: computed 0 | page 0
  PASS  (d) div B: computed 2.32495 | page 2.32495
  PASS  (c) J = curl B/mu0 [A/m^2]: computed [       0.     ,        0.     , -1591549.43092] | page [       0.     ,        0.     , -1591549.43092]
   (c) B on +x axis: [ 0. -1.  0.]  on +y axis: [ 1. -0.  0.] -> clockwise seen from +z
  PASS  (c) |B| = mu0|Jz| r/2: computed 0.761577 | page 0.761577

12.5  delta-function currents (deltas -> Gaussians, sigma = 1 mm)
  PASS  (b) line part [A]: computed 4 | page 4
  PASS  (b) strip part [A]: computed -1 | page -1
  PASS  (b) net I [A]: computed 3 | page 3
  PASS  (c) net I [A]: computed -1 | page -1
  PASS  (a) strip peak |Js| [A/m] at y = 0.5000 m: computed 1.5 | page 1.5

12.6  square loop a = 10 cm, I = 5 A, CCW seen from +z
  PASS  (b) bottom side alone [T]: computed [0.00000e+00, 0.00000e+00, 1.41421e-05] | page [0.00e+00, 0.00e+00, 1.41e-05]
  PASS  (b) B at centre [T]: computed [0.00000e+00, 0.00000e+00, 5.65685e-05] | page [0.00e+00, 0.00e+00, 5.66e-05]
  PASS  (b) H at centre [A/m]: computed [ 0.     ,  0.     , 45.01582] | page [ 0.,  0., 45.]
   (a) circle r = a/4: max|H_x|,|H_y| = 0.0e+00 A/m; circulation = 0.0e+00 A
  PASS  (a) min H_z on circle [A/m]: computed 53.007 | page 53
  PASS  (a) max H_z on circle [A/m]: computed 54.7162 | page 54.7
  PASS  (c) circular loop R = a/2 [T]: computed [0.00000e+00, 0.00000e+00, 6.28319e-05] | page [0.00e+00, 0.00e+00, 6.28e-05]
  PASS  (c) square/circle: computed 0.900316 | page 0.9
  PASS  check: finite-segment formula per side [T]: computed 1.41421e-05 | page 1.41e-05

12.7  nonuniform wire J = J0 r/a, a = 1 mm, J0 = 3e6 A/m^2
  PASS  (a) I [A]: computed 6.28319 | page 6.28
  PASS  (c) H(0.5 mm) Ampere [A/m]: computed 250 | page 250
  PASS  (c) H(2 mm) Ampere [A/m]: computed 500 | page 500
  PASS  check: H(a) [A/m]: computed 1000 | page 1000
  PASS  (c) H at (0.5 mm,0) 2-D B-S sum [A/m]: computed [1.41358e-15, 2.50047e+02] | page [  0., 250.]
  PASS  (c) H at (2 mm,0) 2-D B-S sum [A/m]: computed [-9.71836e-17,  4.99995e+02] | page [  0., 500.]
  PASS  check: (1/r) d(rH)/dr = Jz at 0.6 mm: computed 1.8e+06 | page 1.8e+06

12.8  hairpin a = 2 cm, I = 3 A (+x on upper leg)
  PASS  (a) upper leg [T]: computed [ 0.0e+00,  0.0e+00, -1.5e-05] | page [ 0.0e+00,  0.0e+00, -1.5e-05]
  PASS  (a) semicircle [T]: computed [ 0.00000e+00,  0.00000e+00, -4.71239e-05] | page [ 0.00e+00,  0.00e+00, -4.71e-05]
  PASS  (a) lower leg [T]: computed [ 0.0e+00,  0.0e+00, -1.5e-05] | page [ 0.0e+00,  0.0e+00, -1.5e-05]
  PASS  (b) total [T]: computed [ 0.00000e+00,  0.00000e+00, -7.71239e-05] | page [ 0.00e+00,  0.00e+00, -7.71e-05]
  PASS  check: full clockwise loop [T]: computed [ 0.00000e+00,  0.00000e+00, -9.42478e-05] | page [ 0.00e+00,  0.00e+00, -9.42e-05]
  PASS  check: two infinite antiparallel wires [T]: computed [ 0.e+00,  0.e+00, -6.e-05] | page [ 0.e+00,  0.e+00, -6.e-05]

12.9  loop beside a wire (I1 = 20 A on z axis; loop x = 1..3 cm, z = 0..10 cm, I2 = 5 A)
  PASS  (a) B on near side [T]: computed [0.    , 0.0004, 0.    ] | page [0.    , 0.0004, 0.    ]
  PASS  (a) B on far side [T]: computed [0.     , 0.00013, 0.     ] | page [0.     , 0.00013, 0.     ]
  PASS  (b) near side [N]: computed [-0.0002,  0.    ,  0.    ] | page [-0.0002,  0.    ,  0.    ]
  PASS  (b) top side [N]: computed [0.00000e+00, 0.00000e+00, 2.19722e-05] | page [0.0e+00, 0.0e+00, 2.2e-05]
  PASS  (b) far side [N]: computed [6.66667e-05, 0.00000e+00, 0.00000e+00] | page [6.67e-05, 0.00e+00, 0.00e+00]
  PASS  (b) bottom side [N]: computed [ 0.00000e+00,  0.00000e+00, -2.19722e-05] | page [ 0.0e+00,  0.0e+00, -2.2e-05]
  PASS  (c) net force on loop [N]: computed [-1.33333e-04,  0.00000e+00, -1.35525e-20] | page [-0.00013,  0.     ,  0.     ]
  PASS  shorthand mu0 I1 I2/(2 pi) [N]: computed 2e-05 | page 2e-05
  PASS  shorthand mu0 I1 I2 L/(2 pi) [N m]: computed 2e-06 | page 2e-06
  PASS  shorthand b/(d(d+b)) [1/m]: computed 66.6667 | page 66.7
  PASS  (d) force on the wire from the loop's B-S field [N]: computed [0.00013, 0.     , 0.     ] | page [0.00013, 0.     , 0.     ]
   Newton III residual |F_loop + F_wire| = 4.0e-12 N
   limits: b -> 0: -2.00e-11 N ; b -> inf: -2.0000e-04 N
  PASS  check: b -> inf limit [N]: computed -0.0002 | page -0.0002

12.10 crossing wires (RE-PARAMETERIZED: 3 A along +z on z axis, 1 A along -x on x axis)
  PASS  (a) z wire at P [T]: computed [0.e+00, 3.e-07, 0.e+00] | page [0.e+00, 3.e-07, 0.e+00]
  PASS  (a) x wire at P [T]: computed [0.e+00, 2.e-07, 0.e+00] | page [0.e+00, 2.e-07, 0.e+00]
  PASS  (a) total at P [T]: computed [0.e+00, 5.e-07, 0.e+00] | page [0.e+00, 5.e-07, 0.e+00]
  PASS  (a) total = 5 mu0/(4 pi) [T]: computed 5e-07 | page 5e-07
  PASS  (b) page formula vs direct sum, max rel. deviation (6 random points): computed 3.0251e-08 | page 0
  PASS  (c) |B|/|B_z-wire| at [3.0, 0, -1.0]: computed 1.05879e-15 | page 0
  PASS  (c) |B|/|B_z-wire| at [-3.0, 0, 1.0]: computed 9.39677e-15 | page 0
  PASS  check: B_y = 0 on x = 2 m, y = 0 at z [m]: computed -0.666667 | page -0.666667
   sign changes of B_y on x = 2 m (z grid, wire at z = 0 skipped): [-0.67 -0.05] (the 0.05 entry = jump across the x wire)
   global null search: 300 of 300 starts converged to B = 0; max|y|/|x| = 6.7e-14, max|z + x/3|/|x| = 8.2e-12
  PASS  (c) all nulls found lie on y = 0, z = -x/3 (max deviation): computed 8.29331e-12 | page 0
  PASS  (d) F on proton [N]: computed [0.00000e+00, 0.00000e+00, 8.01088e-21] | page [0.00e+00, 0.00e+00, 8.01e-21]
  PASS  (d) v x B [V/m]: computed [0.  , 0.  , 0.05] | page [0.  , 0.  , 0.05]
  PASS  (d) E for zero force [V/m]: computed [-0.  , -0.  , -0.05] | page [ 0.  ,  0.  , -0.05]
  PASS  (d) E/B [m/s]: computed 100000 | page 100000
  PASS  (d) total Lorentz force with E [N]: computed [0., 0., 0.] | page [0., 0., 0.]
   --- exam overlap (catalogue setups) ---
   2020 #2a key: B(1,1,0) = [0.00000000e+00 0.00000000e+00 1.19999996e-06] T  (= 3 mu0/pi z = 1.2e-06 )
   2020 #2a key: |B(2,-1,0)| = 1.3e-21 T -> null line z = 0, x = -2y
   ORIGINAL 12.10 = 2020 exam rotated (det R = +1): max |B_old(Rp) - R B_exam(p)|/|B| = 8.8e-15
   rotated exam null points R(2,-1,0), R(-2,1,0) = [-2.00000000e+00  2.22044605e-16  1.00000000e+00] [ 2.00000000e+00 -2.22044605e-16 -1.00000000e+00] = the original page's null points (-2,0,1), (2,0,-1): the key carried over -> re-parameterized
   2017 #1a key: I0 = 4/H_y(per A) = 12.5664 A (4 pi = 12.5664)
   new page values: currents 3 A, 1 A (exams: 2 A/4 A; equal I0); B(P) = 5e-7 y T; null line z = -x/3

12.11 coax with unequal currents (a = 1, b = 2, c = 6 mm; I1 = 3 A +z, I2 = 8 A -z)
  PASS  (a) J1 [A/m^2]: computed 954930 | page 955000
  PASS  (a) J2 [A/m^2]: computed -79577.5 | page -79600
  PASS  (c) I_enc(0.5 mm) [A]: computed 0.75 | page 0.75
  PASS  (c) H_phi(0.5 mm) Ampere [A/m]: computed 238.732 | page 238.7
  PASS  (c) H at (0.5 mm,0) 2-D B-S sum [A/m]: computed [1.62562e-15, 2.38849e+02] | page [  0. , 238.7]
  PASS  (c) I_enc(1.5 mm) [A]: computed 3 | page 3
  PASS  (c) H_phi(1.5 mm) Ampere [A/m]: computed 318.31 | page 318.3
  PASS  (c) H at (1.5 mm,0) 2-D B-S sum [A/m]: computed [-5.30092e-16,  3.18297e+02] | page [  0. , 318.3]
  PASS  (c) I_enc(3 mm) [A]: computed 1.75 | page 1.75
  PASS  (c) H_phi(3 mm) Ampere [A/m]: computed 92.8404 | page 92.8
  PASS  (c) H at (3 mm,0) 2-D B-S sum [A/m]: computed [5.56597e-16, 9.28334e+01] | page [ 0. , 92.8]
  PASS  (c) I_enc(5 mm) [A]: computed -2.25 | page -2.25
  PASS  (c) H_phi(5 mm) Ampere [A/m]: computed -71.6197 | page -71.6
  PASS  (c) H at (5 mm,0) 2-D B-S sum [A/m]: computed [ 1.22584e-16, -7.16298e+01] | page [  0. , -71.6]
  PASS  (c) I_enc(10 mm) [A]: computed -5 | page -5
  PASS  (c) H_phi(10 mm) Ampere [A/m]: computed -79.5775 | page -79.6
  PASS  (c) H at (10 mm,0) 2-D B-S sum [A/m]: computed [-2.76090e-18, -7.95769e+01] | page [  0. , -79.6]
  PASS  (d) null radius [mm]: computed 4 | page 4
  PASS  check: H_phi at r = 1 mm [A/m]: computed 477.465 | page 477.5
  PASS  check: H_phi at r = 2 mm [A/m]: computed 238.732 | page 238.7
  PASS  check: H_phi at r = 6 mm [A/m]: computed -132.629 | page -132.6
  PASS  check: (1/r) d(rH)/dr = J2 in outer conductor: computed -79577.5 | page -79577.5
   (d) outside: H_phi < 0 -> along -phi, clockwise seen from +z; at (10 mm,0,0) H = [ -0.   -79.58  -0.  ] A/m

12.12 wire with off-axis hole (a = 3 cm, b = 1 cm, d = 1.5 cm, I = 40 A)
  PASS  (a) J [A/m^2]: computed 15915.5 | page 15900
  PASS  (a) J = 5e4/pi: computed 15915.5 | page 15915.5
  PASS  (a) pieces J pi a^2, -J pi b^2 [A]: computed [45., -5.] | page [45., -5.]
  PASS  (b) H in hole at (0.015, 0) m [A/m]: computed [  0.     , 119.36946] | page [  0. , 119.4]
  PASS  (b) H in hole at (0.015, 0.006) m [A/m]: computed [5.61175e-03, 1.19368e+02] | page [  0. , 119.4]
  PASS  (b) H in hole at (0.021, -0.005) m [A/m]: computed [-3.11968e-03,  1.19375e+02] | page [  0. , 119.4]
  PASS  (b) H in hole at (0.008, 0.003) m [A/m]: computed [-6.78801e-03,  1.19367e+02] | page [  0. , 119.4]
  PASS  (b) H in hole at (0.015, -0.009) m [A/m]: computed [-3.85388e-02,  1.19366e+02] | page [  0. , 119.4]
  PASS  (b) B in hole [T]: computed [-1.07655e-08,  1.50004e-04] | page [0.     , 0.00015]
  PASS  (b) (J d/2) = 375/pi [A/m]: computed 119.366 | page 119.366
  PASS  (d) H at (6 cm,0,0) 2-D B-S sum [A/m]: computed [-3.64439e-17,  1.01683e+02] | page [  0. , 101.7]
  PASS  (d) pieces 45/(2 pi 0.06), 5/(2 pi 0.045) [A/m]: computed [119.36621,  17.68388] | page [119.4,  17.7]
  PASS  (d) centred 40 A line [A/m]: computed 106.103 | page 106.1
  PASS  (d) ratio: computed 0.958343 | page 0.958
  PASS  (d) min |H| on r = 6 cm [A/m]: computed 101.681 | page 101.7
  PASS  (d) max |H| on r = 6 cm [A/m]: computed 108.755 | page 108.8
   (d) min at phi = 0 deg, max at phi = 180 deg; max |H_r| = 3.54 A/m (not purely along phi)
  PASS  (d) circulation on r = 6 cm [A]: computed 40 | page 40
  PASS  (c) concentric: max |H| in hole [A/m]: computed 0.0079038 | page 0
  PASS  (c) concentric: I_enc(2 cm) [A]: computed 15 | page 15
  PASS  (c) concentric: H at (2 cm,0) 2-D B-S sum, aligned grid [A/m]: computed [  0.     , 119.38867] | page [  0. , 119.4]
  PASS  check: concentric H at r = a, inside form J(a^2-b^2)/(2a) [A/m]: computed 212.207 | page 212.2
  PASS  check: concentric H at r = a, outside form I/(2 pi a) [A/m]: computed 212.207 | page 212.2

TOTAL: 117 PASS, 0 FAIL
