16.1 Charge piling up in a cylinder
  PASS  (a) drho/dt at r = 0.2 m [A/m^3]: computed 2.8 | page 2.8
  PASS  (a) drho/dt at r = 1 m [A/m^3]: computed -2 | page -2
  PASS  (a) growing at r = 0.2 m, shrinking at r = 1 m
  PASS  (a) balance radius [m]: computed 0.666667 | page 0.666667
  PASS  (b) dQ/dt by volume integral of -div J [A] (= pi): computed 3.14159 | page 3.14159
  PASS  (b) dQ/dt ~ 3.14 A, gaining: computed 3.14159 | page 3.14
  PASS  check: side r = 0.5 outflow [A] (= pi): computed 3.14159 | page 3.14159
  PASS  check: top z = 2 outflow [A] (= -2 pi, i.e. 2 pi in): computed -6.28319 | page -6.28319
  PASS  check: bottom z = 0 outflow [A]: computed 0 | page 0
  PASS  check: net outflow = -dQ/dt [A]: computed -3.14159 | page -3.14159
16.2 Displacement current through a window
  PASS  (a) eps0 w E0 [A/m^2]: computed 0.556325 | page 0.556
  PASS  (a) eps0 w E0 = 2 pi 1e10 eps0: computed 0.556325 | page 0.556
  PASS  (a) dD/dt at t = 0.25 us [A/m^2] (= -0.556 (0.6,0,0.8)): computed [-0.3338  -0.      -0.44506] | page [-0.3336 -0.     -0.4448]
  PASS  (b) I_d amplitude [mA]: computed 4.4506 | page 4.45
  PASS  (b) 1.6 pi 1e8 eps0 [mA]: computed 4.4506 | page 4.45
  PASS  (b) electric flux amplitude psi_E [C]: computed 7.08335e-10 | page 7.08e-10
  PASS  (c) first |I_d| maximum at t [us]: computed 0.25 | page 0.25
  PASS  (c) next |I_d| maximum at t [us]: computed 0.75 | page 0.75
  PASS  (c) |E| / E0 at t = 0.25 us (E = 0): computed 3.3452e-11 | page 0
  PASS  (c) I_d at t = 0.25 us [mA] (negative: along -z): computed -4.4506 | page -4.45
  PASS  watch out: full |E| would give [mA]: computed 5.56325 | page 5.56
  PASS  watch out: ratio full/|E_z| (25% high): computed 1.25 | page 1.25
16.3 The missing displacement current
  PASS  student's dE/dt = I/(eps A) is right
  PASS  student's eps0 A dE/dt [mA]: computed 0.75 | page 0.75
  PASS  correct I_d = A eps dE/dt [mA]: computed 3 | page 3
  PASS  Gauss route: A d(Q/A)/dt [mA]: computed 3 | page 3
  PASS  J_d = I/A [A/m^2]: computed 1.5 | page 1.5
  PASS  polarization current (eps-eps0) A dE/dt [mA]: computed 2.25 | page 2.25
16.4 True or false
  PASS  (c) div(curl H) = 2.8e-14 ~ 0, so div J + d(div D)/dt = 0 = continuity: TRUE
  PASS  (d) div B for static B0(x,y,z) [B0] (passes Faraday, nonzero): computed 3 | page 3
  PASS  (e) flux of finite dD/dt through thin rectangle ~ w: 5.500e-02, 5.500e-03, 5.500e-04 -> 0: FALSE
  PASS  (b) vacuum: eps0 dE/dt != 0 for E0 cos(wt) (16.2 value 0.556 A/m^2): TRUE
  PASS  (a) disk vs bag around a charging capacitor: conduction I vs 0 -> FALSE; key F,T,T,F,F
16.5 Fields just outside a metal ball
    classification: {1: 'E', 2: 'H', 3: 'H', 4: 'none'}
  PASS  keyed (a) is the only matching option
  PASS  (b): with n = z_hat, vector (4) would be purely normal (the flat-floor habit)
  PASS  (1) = 5 n_hat: computed [0. 3. 4.] | page [0. 3. 4.]
  PASS  (3): n.(4y-3z): computed -2.22045e-16 | page 0
  PASS  (4): normal part n.5z: computed 4 | page 4
  PASS  (4): tangential part: computed [ 0.  -2.4  1.8] | page [ 0.  -2.4  1.8]
  PASS  (4): |tangential|: computed 3 | page 3
  PASS  tilt of n from z [deg]: computed 36.8699 | page 36.9
  PASS  rho_s = 5000 eps0 [nC/m^2]: computed 44.2709 | page 44.3
  PASS  J_s = n x H [A/m]: computed [-5.  0.  0.] | page [-5.  0.  0.]
  PASS  check J_s x n = H_t: computed [ 0.  4. -3.] | page [ 0.  4. -3.]
16.6 Conduction versus displacement in soil
  PASS  (a) J amplitude [A/m^2]: computed 0.2 | page 0.2
  PASS  (b) omega_c [rad/s]: computed 1.2549e+08 | page 1.25e+08
  PASS  (b) f_c [MHz]: computed 19.9723 | page 20
  PASS  (b) 1/(2 pi f_c) [ns]: computed 7.96877 | page 7.97
  PASS  (b) relaxation time eps/sigma [ns]: computed 7.96877 | page 7.97
  PASS  (c) ratio at 1 MHz: computed 0.0500693 | page 0.0501
  PASS  (c) conduction wins by: computed 19.9723 | page 20
  PASS  (c) ratio at 2 GHz (displacement wins by): computed 100.139 | page 100
  PASS  (a) displacement leads conduction by [deg]: computed 90 | page 90
  PASS  (d) total amplitude at f_c [A/m^2]: computed 0.282843 | page 0.283
  PASS  (d) total phase [rad] (+pi/4): computed 0.785398 | page 0.785398
  PASS  (d) total at t = 0 [A/m^2]: computed 0.2 | page 0.2
  PASS  general amplitude E0 sqrt(s^2 + w^2 e^2) at 1 MHz: computed 0.200251 | page 0.200251
16.7 Charging plates with a dielectric core
  PASS  (a) dD/dt = I/(pi a^2) [A/m^2]: computed 99.4718 | page 99.5
  PASS  (a) total displacement current = I [A]: computed 0.5 | page 0.5
  PASS  (a) H at r = 2 cm, Ampere (I_enc/(2 pi r)) [A/m]: computed 0.994718 | page 0.995
  PASS  (a) H at r = 2 cm, brute-force Biot-Savart [A/m] (+phi: ccw from +z): computed 0.994718 | page 0.995
  PASS  (a) H at r = 8 cm, Ampere (I_enc/(2 pi r)) [A/m]: computed 0.994718 | page 0.995
  PASS  (a) H at r = 8 cm, brute-force Biot-Savart [A/m] (+phi: ccw from +z): computed 0.994718 | page 0.995
  PASS  (a) maximum at plate edge I/(2 pi a) [A/m]: computed 1.98944 | page 1.99
  PASS  (b) fraction of displacement current in core: computed 0.5 | page 0.5
  PASS  (b) density in core [A/m^2]: computed 198.944 | page 199
  PASS  (b) density in air ring [A/m^2]: computed 66.3146 | page 66.3
  PASS  (b) H at r = 2 cm, Ampere [A/m]: computed 1.98944 | page 1.99
  PASS  (b) H at r = 2 cm, brute-force Biot-Savart [A/m]: computed 1.98944 | page 1.99
  PASS  (b) H at r = 3 cm, Ampere [A/m]: computed 1.87891 | page 1.88
  PASS  (b) H at r = 3 cm, brute-force Biot-Savart [A/m]: computed 1.87891 | page 1.88
  PASS  (b) H at r = 8 cm, Ampere [A/m]: computed 0.994718 | page 0.995
  PASS  (b) H at r = 8 cm, brute-force Biot-Savart [A/m]: computed 0.994718 | page 0.995
  PASS  (b) H(a) with core [A/m]: computed 1.98944 | page 1.98944
    (b) dip: minimum H = 1.8757 A/m at r = 2.828 cm (a/sqrt2 = 2.828 cm)
  PASS  (a) differential form (1/r) d(r H)/dr = dD_z/dt [A/m^2]: computed 99.4718 | page 99.4718
16.8 Charges and currents on a coax
  PASS  |P| = a, |Q| = b [mm]: computed [2. 6.] | page [2. 6.]
  PASS  (a) n_P: computed [0.6 0.8 0. ] | page [0.6 0.8 0. ]
  PASS  (a) n_Q (= -r_hat): computed [ 0.6  0.8 -0. ] | page [0.6 0.8 0. ]
  PASS  (a) E normal: n x E at P, Q: computed [[ 0.  0.  0.]
 [ 0.  0. -0.]] | page [[0. 0. 0.]
 [0. 0. 0.]]
  PASS  (a) E_P = 30 n_P, E_Q = -10 n_Q [kV/m]: computed [ 30. -10.] | page [ 30. -10.]
  PASS  (a) H tangential: n.H at P, Q: computed [0. 0.] | page [0. 0.]
  PASS  (b) rho_s(P) [nC/m^2]: computed 265.626 | page 265.6
  PASS  (b) rho_s(Q) [nC/m^2]: computed -88.5419 | page -88.5
  PASS  (b) J_s(P) [A/m]: computed [ 0. -0. 30.] | page [ 0.  0. 30.]
  PASS  (b) J_s(Q) [A/m]: computed [  0.  -0. -10.] | page [  0.   0. -10.]
  PASS  (c) rho_l inner, outer [nC/m]: computed [ 3.33795 -3.33795] | page [ 3.34 -3.34]
  PASS  (c) rho_l inner = 120 pi eps0: computed 3.33795e-09 | page 3.33795e-09
  PASS  (c) I inner, outer [A]: computed [ 0.37699 -0.37699] | page [ 0.377 -0.377]
  PASS  (c) net charge, net current: computed [0. 0.] | page [0. 0.]
  PASS  check: Gauss E at P (vector) [kV/m]: computed [18. 24.  0.] | page [18. 24.  0.]
  PASS  check: Gauss E at Q (vector) [kV/m]: computed [-6. -8.  0.] | page [-6. -8.  0.]
  PASS  check: Ampere H at P (vector) [A/m]: computed [-24.  18.   0.] | page [-24.  18.   0.]
  PASS  check: Ampere H at Q (vector) [A/m]: computed [ 8. -6.  0.] | page [ 8. -6.  0.]
  PASS  check: V(a) - V(b) [V]: computed 65.9167 | page 65.9
  PASS  check: capacitance per length [pF/m]: computed 50.6389 | page 50.6
  PASS  check: 2 pi eps0 / ln(b/a) [pF/m]: computed 50.6389 | page 50.6
  PASS  watch out: n = +r_hat at Q gives: computed [88.54188 10.     ] | page [88.5 10. ]
16.9 A leaky capacitor and its leads
  PASS  sigma [S/m]: computed 1.77084e-08 | page 1.77e-08
  PASS  A [m^2]: computed 0.00785398 | page 0.007854
  PASS  (a) C [pF]: computed 278.163 | page 278
  PASS  (a) R_leak [MOhm]: computed 7.19004 | page 7.19
  PASS  (a) eps/sigma = R_l C [ms]: computed [2. 2.] | page [2. 2.]
  PASS  (a) 1/(RC), sigma/eps, 1/tau [1/s]: computed [359.50207 500.      859.50207] | page [359.5 500.  859.5]
  PASS  (a) tau from ODE (V = V0/e) [ms]: computed 1.16346 | page 1.16
  PASS  (b) I_R(0) [uA] (+z in both leads): computed 10 | page 10
  PASS  (b) I_leak(0) [uA]: computed 13.9081 | page 13.9
  PASS  (b) J_z(0) [mA/m^2] (down): computed -1.77084 | page -1.771
  PASS  (b) dD_z/dt(0) [mA/m^2] (up), from ODE: computed 3.04408 | page 3.044
  PASS  (b) sum [mA/m^2] = I_R/A: computed [1.27324 1.27324] | page [1.273 1.273]
  PASS  (c) H at r = 2.5 cm, t = 0 [uA/m]: computed 15.9155 | page 15.9
  PASS  (c) H at plate edge [uA/m]: computed 31.831 | page 31.8
  PASS  check bag: conduction, displacement, total [uA]: computed [-13.90813  23.90813  10.     ] | page [-13.9  23.9  10. ]
  PASS  (d) leads cut: decay time [ms]: computed 2 | page 2
  PASS  (d) (J + dD/dt)/|J| with leads cut: computed -4.77399e-12 | page 0
  PASS  (d) conduction-only H at 2.5 cm [uA/m]: computed 22.1355 | page 22.1
16.10 MMF around a discharging pair
  PASS  (a) I(0) [mA] (along -z): computed 2 | page 2
  PASS  (b) cos(theta0): computed 0.6 | page 0.6
  PASS  (b) disk flux psi/Q: computed -0.4 | page -0.4
  PASS  (b) MMF/I = -1 + (displacement 0.4): computed -0.6 | page -0.6
  PASS  (b) MMF at t = 0 [mA]: computed -1.2 | page -1.2
  PASS  (c) wire (|z| < b) never crosses the cup (bottom at z = -L < -b, side at r = a > 0)
  PASS  (c) cup flux (C-oriented) side, bottom, total [Q]: computed [0.37639 0.22361 0.6    ] | page [0.376 0.224 0.6  ]
  PASS  (c) MMF/I via cup: computed -0.6 | page -0.6
  PASS  (d) H_phi at (a,0,0), Biot-Savart [mA/m]: computed -4.77465 | page -4.77
  PASS  (d) -15/pi [mA/m]: computed -4.77465 | page -4.77
  PASS  (d) loop sum of H.dl / I: computed -0.6 | page -0.6
  PASS  (e) cos(theta2) = 9/sqrt(97): computed 0.913812 | page 0.914
  PASS  (e) flux through C' disk [Q]: computed 0.156906 | page 0.157
  PASS  (e) MMF'/I: computed -0.156906 | page -0.157
  PASS  (e) MMF' at t = 0 [mA]: computed -0.313812 | page -0.314
  PASS  (e) Biot-Savart loop sum / I: computed -0.156906 | page -0.157
  PASS  (e) (cos th1 - cos th2)/2: computed -0.156906 | page -0.157
  PASS  limits: MMF/I for a -> 0 and a -> infinity: computed [-1. -0.] | page [-1.  0.]
16.11 A region with no conduction current
  PASS  (a) div J [uA/m^3]: computed 4 | page 4
  PASS  (a) drho/dt = -div J [uA/m^3]: computed -4 | page -4
  PASS  (a)(i)-(iii) impossible: each forces div(dD/dt) = 0 or div J = 0, but drho/dt != 0
  PASS  (a)(iv) dD/dt = -J: div(dD/dt) = drho/dt [uA/m^3]: computed -4 | page -4
  PASS  (a)(iv) J + dD/dt (so curl H = 0) [A/m^2]: computed [0. 0. 0.] | page [0. 0. 0.]
  PASS  (a)(iv) curl of (x,y,0): E has no curl, B static (Faraday ok): computed [0. 0. 0.] | page [0. 0. 0.]
  PASS  SP18 Exam 2 #1(iv) key (d(div D)/dt = 0) does NOT carry over: here it is -4 uA/m^3
  PASS  (b) D_A: rho at t = T/2 = 2 D0 t/T [nC/m^3]: computed 2 | page 2
  PASS  (b) D_A: drho/dt = 2 D0/T [uA/m^3]: computed 4 | page 4
  PASS  (b) D_A would need div J [uA/m^3] (a converging current): computed -4 | page -4
  PASS  (b) D_B: rho [nC/m^3], drho/dt: computed [4. 0.] | page [4. 0.]
  PASS  (b) D_C: rho, drho/dt: computed [0. 0.] | page [0. 0.]
  PASS  (b) D_B: curl H = dD_B/dt = (D0/T) z [uA/m^2]: computed [0. 0. 2.] | page [0. 0. 2.]
  PASS  (c) curl H_C = dD_C/dt at [0.3, -0.5, 0.2] [uA/m^2]: computed [-1.   0.6  0. ] | page [-1.   0.6  0. ]
  PASS  (c) curl H_C = dD_C/dt at [-0.8, 0.4, 0.9] [uA/m^2]: computed [ 0.8 -1.6  0. ] | page [ 0.8 -1.6  0. ]
  PASS  (c) D0/(2T): computed 1e-06 | page 1e-06
  PASS  (c) H_z(1,0,0), H_z(0,1,0) by line integration [uA/m]: computed [-1.  1.] | page [-1.  1.]
  PASS  (c) formula at the same points [uA/m]: computed [-1.  1.] | page [-1.  1.]
  PASS  (d) div D_C: computed 0 | page 0
  PASS  (d) div B (B = mu0 H_C): computed 0 | page 0
  PASS  (d) curl H - dD_C/dt: computed [ 0. -0.  0.] | page [0. 0. 0.]
  PASS  (d) curl E_C [V/m^2]: computed [ 0.  0. -0.] | page [0. 0. 0.]
  PASS  check Stokes: normal of the square: computed [1. 0. 0.] | page [1. 0. 0.]
  PASS  check Stokes: displacement current, circulation [uA]: computed [1. 1.] | page [1. 1.]
  PASS  (e) div B1 at t = T/4, 3T/4 [B0] (changes): computed [0.5 1.5] | page [0.5 1.5]
  PASS  (e) div(-dB1/dt) [B0/T]: computed -2 | page -2
  PASS  (e) div B2 [B0] (constant, nonzero): computed 2 | page 2
16.12 Four conditions at a tilted interface
  PASS  (a) n points into medium 1 (n . grad(2x-y+2z) > 0), |n| = 1: computed [1. 1.] | page [1. 1.]
  PASS  (a) n . J_s: computed 0 | page 0
  PASS  (a) n . E2 [kV/m]: computed 3 | page 3
  PASS  (a) E2n, E2t [kV/m]: computed [[ 2. -1.  2.]
 [ 2.  2. -1.]] | page [[ 2. -1.  2.]
 [ 2.  2. -1.]]
  PASS  (a) n . H2 [A/m] (revised; exam had H_n = 3): computed 6 | page 6
  PASS  (a) H2n, H2t [A/m]: computed [[ 4. -2.  4.]
 [ 1.  2.  0.]] | page [[ 4. -2.  4.]
 [ 1.  2.  0.]]
  PASS  (b) E1n [kV/m]: computed 8.99998 | page 9
  PASS  (b) E1 from linear solve of the BCs [kV/m]: computed [ 7.99999 -0.99999  4.99999] | page [ 8. -1.  5.]
  PASS  (b) D1/eps0 [kV/m]: computed [15.99997 -1.99999  9.99997] | page [16. -2. 10.]
  PASS  (b) D1 [nC/m^2]: computed [141.66677 -17.70826  88.54164] | page [141.7 -17.7  88.5]
  PASS  (b) D2/eps0 [kV/m]: computed [20.  5.  5.] | page [20.  5.  5.]
  PASS  (c) J_s x n [A/m]: computed [ 3.  0. -3.] | page [ 3.  0. -3.]
  PASS  (c) H1 from linear solve of the BCs [A/m]: computed [8. 0. 1.] | page [8. 0. 1.]
  PASS  (c) H1n [A/m]: computed 6 | page 6
  PASS  (c) check n x (H1 - H2) = J_s: computed [1. 4. 1.] | page [1. 4. 1.]
  PASS  (c) check n x (3x - 3z) = (1/3)(3, 12, 3): computed [1. 4. 1.] | page [1. 4. 1.]
  PASS  (c) B1 = mu0 H1 [uT]: computed [10.0531   0.       1.25664] | page [10.05   0.     1.257]
  PASS  (original data, before revision) H1 = 6x + y - z [A/m]: computed [ 6.  1. -1.] | page [ 6.  1. -1.]
  PASS  (d) rho_sb / eps0, [nC/m^2]: computed [3000.01984   26.56274] | page [3000.    26.6]
  PASS  (d) total / eps0, [nC/m^2]: computed [6000.01984   53.1253 ] | page [6000.    53.1]
  PASS  (d) eps0 n.(E1 - E2) / eps0: computed 5999.98 | page 6000
    SP18 Exam 2 #1(vi) key: H(z>0) = [2. 0. 3.], normal part 3 A/m
  PASS  SP18 #1(vi) numbers do not carry over (J_s, H2, H1, H_n all differ)

SUMMARY: 182 PASS, 0 FAIL
