=== 17.1 moment and torque on a loop ===
PASS  17.1(a) m [A m^2]: computed [0.    0.    0.004]  page [0.    0.    0.004]
PASS  17.1(b) net force [N]: computed [4.57737e-18 6.09864e-19 6.86097e-19]  page [0. 0. 0.]
PASS  17.1(b) torque, brute-force sum r x dF [N m]: computed [-2.43787e-20  1.20000e-03 -8.41739e-21]  page [0.     0.0012 0.    ]
PASS  17.1(b) torque m x B [N m]: computed [0.     0.0012 0.    ]  page [0.     0.0012 0.    ]
PASS  17.1(b) sin(angle m,B): computed [0.6]  page [0.6]
PASS  17.1(c) force on x=4cm edge [N]: computed [ 0.04  0.   -0.03]  page [ 0.04  0.   -0.03]
PASS  17.1(c) force on x=0 edge [N]: computed [-0.04  0.    0.03]  page [-0.04  0.    0.03]
PASS  17.1(c) forces on y=0 and y=5cm edges [N]: computed [ 0.    -0.032  0.     0.     0.032  0.   ]  page [ 0.    -0.032  0.     0.     0.032  0.   ]
      x=4cm edge: z after a small turn about T = -1.9999996666666833e-05 (<0: sinks)
      x=0  edge: z after a small turn about T = 1.9999996666666833e-05 (>0: rises)
      m tilts toward [ 1.e+00  0.e+00 -5.e-04]
PASS  17.1(c) stable tilt about +y [deg]: computed [36.87]  page [36.9]
PASS  17.1(c) stable normal: computed [0.6 0.  0.8]  page [0.6 0.  0.8]
      x=4cm edge z at the stable tilt: -0.012000028582653257 (<0: lowered)
PASS  17.1 check: torque of the vertical forces [N m]: computed [0.     0.0012 0.    ]  page [0.     0.0012 0.    ]
PASS  17.1(d) electron moment direction: computed [-0. -0. -1.]  page [ 0.  0. -1.]
PASS  17.1(d) torque per unit moment [T]: computed [ 0.  -0.3  0. ]  page [ 0.  -0.3  0. ]
      electron moment tilts toward [1.e+00 0.e+00 5.e-04]
PASS  17.1(d) angle between -z and B [deg]: computed [143.1301]  page [143.1]

=== 17.2 four rods ===
PASS  17.2 chi_m P,Q,R,S: computed [-9.4e-06  2.1e-05  8.0e-04  5.0e+02]  page [-9.4e-06  2.1e-05  8.0e-04  5.0e+02]
PASS  17.2 mu_r P,Q,R,S: computed [  0.99999   1.00002   1.0008  501.     ]  page [  0.99999   1.00002   1.0008  501.     ]
      classes: {'P': 'dia', 'Q': 'para', 'R': 'para', 'S': 'ferro'} -> option (a)
PASS  17.2 chi_S / chi_R: computed [625000.]  page [625000.]
PASS  17.2 B empty coil [mT]: computed [0.50265]  page [0.503]
PASS  17.2 B inside S [T]: computed [0.25183]  page [0.252]
PASS  17.2 B_S / B_empty: computed [501.]  page [501.]
PASS  17.2 B_P - B_empty [nT]: computed [-4.72496]  page [-4.7]
PASS  17.2 1/mu0 (page: ~8e5): computed [795774.71546]  page [800000.]

=== 17.3 ferrite between sheets ===
PASS  17.3 H between sheets [A/m]: computed [ 0.  -0.5  0. ]  page [ 0.  -0.5  0. ]
PASS  17.3 H outside: computed [0. 0. 0. 0. 0. 0.]  page [0. 0. 0. 0. 0. 0.]
PASS  17.3 student's B [uT]: computed [-0.62832]  page [-0.628]
PASS  17.3 student's H_slab [A/m]: computed [-0.001]  page [-0.001]
PASS  17.3 student's M [A/m]: computed [-0.499]  page [-0.499]
PASS  17.3 B slab [T]: computed [ 0.      -0.00031  0.     ]  page [ 0.      -0.00031  0.     ]
PASS  17.3 M slab [A/m]: computed [   0.  -249.5    0. ]  page [   0.  -249.5    0. ]
PASS  17.3 J_sM top z=3cm [A/m]: computed [-249.5    0.     0. ]  page [-249.5    0.     0. ]
PASS  17.3 J_sM bottom z=1cm [A/m]: computed [249.5   0.   -0. ]  page [249.5   0.    0. ]
PASS  17.3 vacuum B from free+bound, in slab [T]: computed [ 0.      -0.00031  0.     ]  page [ 0.      -0.00031  0.     ]
PASS  17.3 vacuum B in gaps z=0.5, 3.5 cm [uT]: computed [ 0.      -0.62832  0.       0.      -0.62832  0.     ]  page [ 0.    -0.628  0.     0.    -0.628  0.   ]
PASS  17.3 vacuum B outside: computed [0. 0. 0.]  page [0. 0. 0.]

=== 17.4 hysteresis ===
PASS  17.4 B_r [T]: computed [1.25664]  page [1.26]
PASS  17.4(a) M at remanence [A/m] (True): computed [1000000.]  page [1000000.]
PASS  17.4(b) M at coercive point [A/m] (nonzero -> False): computed [800000.]  page [800000.]
PASS  17.4(c) dB for dH = 1e5 A/m at saturation [T] (True): computed [0.12566]  page [0.126]

=== 17.5 nickel rod ===
PASS  17.5(a) M [A/m]: computed [508366.8]  page [508000.]
PASS  17.5(b) J_sM side = M z x r: computed [-327498.88416  388820.37525       0.     ]  page [-327498.88416  388820.37525       0.     ]
PASS  17.5(b) J_sM ends: computed [0. 0. 0. 0. 0. 0.]  page [0. 0. 0. 0. 0. 0.]
PASS  17.5(c) B at centre of a 4 m rod, loop sum [T]: computed [0.63883]  page [0.639]
PASS  17.5(c) H = B/mu0 - M [A/m]: computed [-1.58864]  page [0.]
PASS  17.5(d) I for n = 1000/m [A]: computed [508.3668]  page [508.]

=== 17.6 graded slab ===
PASS  17.6(a) curl M at z=1cm (FD) [A/m^2]: computed [      0. 1500000.       0.]  page [      0. 1500000.       0.]
PASS  17.6(a) curl M at z=d (FD, one-sided): computed [2999250.]  page [3000000.]
PASS  17.6(a) coefficient 2 M0/d^2 [A/m^3]: computed [1.5e+08]  page [1.5e+08]
PASS  17.6(a) J_sM top (n=+z) [A/m]: computed [     0. -30000.      0.]  page [     0. -30000.      0.]
PASS  17.6(a) J_sM bottom (M=0): computed [0. 0. 0.]  page [0. 0. 0.]
PASS  17.6(b) volume current per m along x [A]: computed [30000.]  page [30000.]
PASS  17.6(b) net (volume + top face): computed [0.]  page [0.]
PASS  17.6(c,d) B_x at z=1cm [mT]: computed [9.42478]  page [9.42]
PASS  17.6(c) B_x just below top [mT]: computed [37.69911]  page [37.7]
PASS  17.6(c) B_x just above top, below bottom [T]: computed [0. 0.]  page [0. 0.]
PASS  17.6(c) B = mu0 M inside (so H = 0): computed [9.42478e-05 1.50796e-03 4.61814e-03 9.42478e-03 1.59279e-02 2.41274e-02
 3.40234e-02]  page [9.42478e-05 1.50796e-03 4.61814e-03 9.42478e-03 1.59279e-02 2.41274e-02
 3.40234e-02]
PASS  17.6(c) z x (B_above - B_below)/mu0 at top [A/m]: computed [     0. -30000.      0.]  page [     0. -30000.      0.]
PASS  17.6(d) current below / above z=d/2 (units of M0): computed [0.25 0.75]  page [0.25 0.75]
PASS  17.6(d) 1/4 - 3/4 + 1 (units of mu0 M0/2): computed [0.5]  page [0.5]

=== 17.7 steel wire ===
PASS  17.7(a) H at r=a [A/m]: computed [795.77472]  page [795.8]
PASS  17.7(a) B just inside [T]: computed [0.2]  page [0.2]
PASS  17.7(a) B just outside [mT]: computed [1.]  page [1.]
PASS  17.7(b) M(a) [A/m]: computed [158359.16838]  page [158000.]
PASS  17.7(b) J_M (FD curl) [A/m^2]: computed [3.16718e+08]  page [3.17e+08]
PASS  17.7(b) J_f [A/m^2]: computed [1591549.43092]  page [1590000.]
PASS  17.7(b) volume magnetization current [A]: computed [995.]  page [995.]
PASS  17.7(b) J_sM = M x r [A/m]: computed [      0.            0.      -158359.16838]  page [      0.       0. -158000.]
PASS  17.7(b) surface magnetization current [A]: computed [-995.]  page [-995.]
PASS  17.7(c) vacuum Ampere inside (r=a/2) vs mu H: computed [0.1]  page [0.1]
PASS  17.7(c) vacuum Ampere outside (r=2a) vs copper: computed [0.0005]  page [0.0005]
PASS  17.7(d) W' [J/m]: computed [0.00013]  page [0.00013]
PASS  17.7(d) L_int = 2W'/I^2 [uH/m]: computed [10.]  page [10.]
PASS  17.7(d) copper mu0/8pi [uH/m]: computed [0.05]  page [0.05]
PASS  17.7 check: B_out - B_in at r=a [T]: computed [-0.199]  page [-0.199]
PASS  17.7 check: r x (B_out - B_in)/mu0 [A/m]: computed [      0.            0.      -158359.16838]  page [      0.       0. -158000.]

=== 17.8 iron surface ===
PASS  17.8(a) H iron [A/m]: computed [ 318.30989    3.97887 -238.73241]  page [ 318.3     3.98 -238.7 ]
PASS  17.8(a) H air [A/m]: computed [ 318.30989 7957.74715 -238.73241]  page [ 318.3 7958.  -238.7]
PASS  17.8(a) B air [mT]: computed [ 0.4 10.  -0.3]  page [ 0.4 10.  -0.3]
PASS  17.8 BC: n x (H1-H2), n.(B1-B2): computed [0. 0. 0. 0.]  page [0. 0. 0. 0.]
PASS  17.8(b) angle from normal: iron, air [deg]: computed [89.42706  2.86241]  page [89.43  2.86]
PASS  17.8(b) tan1/tan2 = mu1/mu2: computed [0.0005]  page [0.0005]
PASS  17.8(c) M iron [A/m]: computed [ 636301.46248    7953.76828 -477226.09686]  page [ 636300.    7950. -477200.]
PASS  17.8(c) J_sM = n x (M1 - M2) [A/m]: computed [477226.09686     -0.      636301.46248]  page [477200.      0. 636300.]
PASS  17.8(c) same as M2 x n_out (+y): computed [477226.09686     -0.      636301.46248]  page [477226.09686     -0.      636301.46248]
PASS  17.8(c) |J_sM| [A/m]: computed [795376.8281]  page [795000.]
PASS  17.8(c) B1 - B2 [T]: computed [-0.7996  0.      0.5997]  page [-0.7996  0.      0.5997]
PASS  17.8(c) n x (B1-B2)/mu0 = J_sM: computed [477226.09686     -0.      636301.46248]  page [477226.09686     -0.      636301.46248]
PASS  17.8(c) H_y iron, air [A/m]: computed [3.97887e+00 7.95775e+03]  page [3.980e+00 7.958e+03]

=== 17.9 electret and magnet twins ===
PASS  17.9(a) rho_b at a/2 (FD) [C/m^3]: computed [-0.0003]  page [-0.0003]
PASS  17.9(a) rho_sb = P.r at a [uC/m^2]: computed [2.]  page [2.]
PASS  17.9(a) bound charge per m: volume, surface [nC/m]: computed [-125.66371  125.66371]  page [-126.  126.]
PASS  17.9(a) total: computed [0.]  page [0.]
PASS  17.9(b) J_M at a/2 (FD curl) [A/m^2]: computed [7499999.99994]  page [7500000.]
PASS  17.9(b) J_sM = M x r [A/m]: computed [     0.      0. -50000.]  page [     0.      0. -50000.]
PASS  17.9(b) current: volume, surface [kA]: computed [ 3.14159 -3.14159]  page [ 3.14 -3.14]
PASS  17.9(c) E_r at a/2, just inside a [V/m] (superposition): computed [ -56470.45337 -225843.01822]  page [ -56500. -226000.]
PASS  17.9(c) E outside (r=2a): computed [-9.56647e-11]  page [0.]
PASS  17.9(c) D = eps0 E + P at a/2: computed [-3.17637e-22]  page [0.]
PASS  17.9(c) B_phi at a/2, just inside a [mT] (superposition): computed [15.70796 62.82101]  page [15.7 62.8]
PASS  17.9(c) B outside (r=2a): computed [3.20013e-17]  page [0.]
PASS  17.9(c) H = B/mu0 - M at a/2: computed [5.45697e-12]  page [0.]
      (d) E.P sign: -1.0  B.M sign: 1.0 (-1: against, +1: along)
PASS  17.9(e) dP/dt at a/2 [uA/m^2]: computed [0.1]  page [0.1]
PASS  17.9(e) continuity residual [C/m^3/s]: computed [-1.11564e-13]  page [0.]
PASS  17.9(e) eps0 dE/dt at a/2 (from superposition E, linear in P0) [uA/m^2]: computed [-0.1]  page [-0.1]
PASS  17.9(e) dP/dt + eps0 dE/dt at a/2: computed [-6.61744e-23]  page [0.]

=== 17.10 three sheets and two slabs ===
PASS  17.10 sum of free sheets: computed [0. 0. 0.]  page [0. 0. 0.]
PASS  17.10(a) H in z<0, 0-2, 2-4, z>4 cm [A/m]: computed [ 0.  0.  0.  4.  0.  0.  0. -3.  0.  0.  0.  0.]  page [ 0.  0.  0.  4.  0.  0.  0. -3.  0.  0.  0.  0.]
PASS  17.10(a) same H by stepping the BC up from H=0: computed [ 4.  0.  0.  0. -3.  0.  0.  0.  0.]  page [ 4.  0.  0.  0. -3.  0.  0.  0.  0.]
PASS  17.10(b) B lower [T]: computed [0.00013 0.      0.     ]  page [0.00013 0.      0.     ]
PASS  17.10(b) B upper [T]: computed [ 0.00000e+00 -3.76991e-05  0.00000e+00]  page [ 0.00e+00 -3.77e-05  0.00e+00]
PASS  17.10(b) M lower, upper [A/m]: computed [ 96.   0.   0.   0. -27.   0.]  page [ 96.   0.   0.   0. -27.   0.]
PASS  17.10(c) n x (H1-H2) at z=2cm = Js2: computed [ 3. -4.  0.]  page [ 3. -4.  0.]
PASS  17.10(c) n.(B1-B2): computed [0.]  page [0.]
PASS  17.10(c) jump in tangential B, B1-B2 [T]: computed [-1.25664e-04 -3.76991e-05  0.00000e+00]  page [-1.26e-04 -3.77e-05  0.00e+00]
PASS  17.10(c) n x (B1-B2)/mu0 [A/m]: computed [  30. -100.    0.]  page [  30. -100.    0.]
PASS  17.10(c) |Js2| [A/m]: computed [5.]  page [5.]
PASS  17.10(c) |n x (B1-B2)/mu0| / |Js2|: computed [20.88061]  page [20.9]
FAIL  PRE-FIX (now corrected) 17.10 answer line 'tangential B/mu0 jumps by 30x-100y A/m': computed [-100.  -30.    0.]  old page [  30. -100.    0.]
PASS  17.10(d) J_sM z=0 [A/m]: computed [ 0. 96.  0.]  page [ 0. 96.  0.]
PASS  17.10(d) J_sM z=2cm (two faces) [A/m]: computed [ 27. -96.   0.]  page [ 27. -96.   0.]
PASS  17.10(d) J_sM z=2cm = n x (M1-M2): computed [ 27. -96.   0.]  page [ 27. -96.   0.]
PASS  17.10(d) J_sM z=4cm [A/m]: computed [-27.   0.   0.]  page [-27.   0.   0.]
PASS  17.10(d) sum of J_sM: computed [0. 0. 0.]  page [0. 0. 0.]
PASS  17.10(d) total sheets [A/m]: computed [   0.  100.    0.   30. -100.    0.  -30.    0.    0.]  page [   0.  100.    0.   30. -100.    0.  -30.    0.    0.]
PASS  17.10(d) vacuum B lower, upper from total sheets [T]: computed [ 1.25664e-04  0.00000e+00  0.00000e+00  0.00000e+00 -3.76991e-05
  0.00000e+00]  page [ 1.25664e-04  0.00000e+00  0.00000e+00  0.00000e+00 -3.76991e-05
  0.00000e+00]
PASS  17.10(d) vacuum B outside: computed [0. 0. 0. 0. 0. 0.]  page [0. 0. 0. 0. 0. 0.]
PASS  17.10(e) M bismuth [A/m]: computed [-0.00068 -0.      -0.     ]  page [-0.00068  0.       0.     ]
PASS  17.10(e) J_sM on z=0 [A/m]: computed [ 0.      -0.00068  0.     ]  page [ 0.      -0.00068  0.     ]

=== 17.11 gapped toroid ===
PASS  17.11 iron path l_i [m]: computed [0.31316]  page [0.3132]
PASS  17.11(b) B [T]: computed [0.05827]  page [0.0583]
PASS  17.11(b) H_gap, H_iron [A/m]: computed [4.63697e+04 1.15924e+01]  page [4.64e+04 1.16e+01]
PASS  17.11(b) H_iron l_i, H_gap g [A]: computed [ 3.63028 46.36972]  page [ 3.6 46.4]
PASS  17.11(b) share of NI on the gap: computed [0.92739]  page [0.93]
PASS  17.11(b) B without gap [T], ratio: computed [ 0.8     13.72921]  page [ 0.8 13.7]
PASS  17.11(c) Psi [Wb], N Psi [Wb], L [mH]: computed [5.82699e-06 1.45675e-03 7.28374e+00]  page [5.83e-06 1.46e-03 7.28e+00]
PASS  17.11(c) no gap: N Psi [Wb], L0 [mH]: computed [2.e-02 1.e+02]  page [2.e-02 1.e+02]
PASS  17.11(c) energy: 1/2 L I^2 and sum of 1/2 B H vol [J]: computed [0.00015 0.00015]  page [0.00015 0.00015]
PASS  17.11(c) gap fraction of energy: computed [0.92739]  page [0.927]
PASS  17.11(c) L with mu_r = 8000 [mH]: computed [7.55812]  page [7.56]
PASS  17.11(d) M [A/m]: computed [46358.13048]  page [46400.]
PASS  17.11(d) M = chi_m H_iron: computed [46358.13048]  page [46358.13048]
PASS  17.11(d) winding per metre of ring [A/m], ratio: computed [159.15494 291.27672]  page [159. 291.]
PASS  17.11(d) J_sM on a face with n=+y of a bar magnetized along x: circulates like a winding (x cross y): computed [0. 0. 1.]  page [0. 0. 1.]
PASS  17.11(d) vacuum Ampere: (B/mu0) 2 pi R [A]: computed [14567.47808]  page [14570.]
PASS  17.11(d) NI + M l_i [A], M l_i [A]: computed [14567.47808 14517.47808]  page [14570. 14520.]
PASS  17.11(d) J_sM on gap faces (M along n): computed [0. 0. 0.]  page [0. 0. 0.]
PASS  17.11(e) emf = d(N Psi)/dI * dI/dt [V]: computed [0.14567]  page [0.146]

=== 17.12 short bar magnet ===
PASS  17.12(a) J_sM side, ends: computed [-350476.50808  828954.8946        0.            0.            0.
       0.     ]  page [-350476.50808  828954.8946        0.            0.            0.
       0.     ]
PASS  17.12(b) B centre, end face: Biot-Savart sum [T]: computed [0.79972 0.50579]  page [0.8   0.506]
PASS  17.12(b) B centre, end face: on-axis formula [T]: computed [0.79972 0.50579]  page [0.8   0.506]
PASS  17.12(b) mu0 M0 [T]: computed [1.13097]  page [1.131]
PASS  17.12(c) H centre [A/m]: computed [-263603.86158]  page [-264000.]
PASS  17.12(c) H just inside / just outside end face [A/m]: computed [-497466.78563  402451.2642 ]  page [-498000.  402000.]
PASS  17.12(d) B_z continuous across end face [T]: computed [0.50584 0.50574]  page [0.506 0.506]
PASS  17.12(d) jump H_out - H_in = M0 [A/m]: computed [899918.04982]  page [900000.]
PASS  17.12(e) long rod l=100a: H/M0 at centre: computed [-0.0002]  page [-0.0002]
PASS  17.12(e) long rod l=1000a: B end face / mu0 M0: computed [0.5]  page [0.5]
PASS  17.12(e) thin disk l=0.01a: B/mu0M0, H/M0 at centre: computed [ 0.005 -0.995]  page [ 0.005 -0.995]

TOTAL FAIL (excluding PRE-FIX lines): 0
