19.1 Which one is a plane wave
    (a) Maxwell-consistent: False  (worst residual 1.00e+00)
    (b) Maxwell-consistent: False  (worst residual 1.00e+00)
    (c) Maxwell-consistent: True  (worst residual 6.09e-13)
    (d) Maxwell-consistent: False  (worst residual 4.23e-01)
    (e) Maxwell-consistent: False  (worst residual 3.33e-01)
  PASS  only (c) satisfies Maxwell's equations -> key (c)
  PASS  (c) H = u x E/eta0 with u = -x: (-x) x z = +y
  PASS  (c) E x H || z x y = -x (travel toward -x)
  PASS  (b) E x H || y x x = -z, wrong for t - z/c; partner of y f is z x y = -x
  PASS  (b) partner check: H = z x (y)/eta0 = -x/eta0

19.2 A sheet on y = 0, J = z g(t)
  PASS  H = -/+ 1/2 g(t -/+ y/c) x: page formula = recipe at 30 random points (max dev 0.0e+00)
  PASS  E = -(eta0/2) g(t-|y|/c) z: page formula = recipe at 30 random points (max dev 0.0e+00)
  PASS  19.2 fields: Faraday / Ampere-Maxwell / div by FD, worst relative residual 1.6e-13
  PASS  19.2: n x (H1-H2) = J_s and n x (E1-E2) = 0 at the sheet, worst 2.2e-09
  PASS  E at y=150 m, t=1 us (z): computed -94.248, page -94.2
  PASS  H at y=150 m, t=1 us (x): computed -0.25, page -0.25
  PASS  -30 pi: computed -94.248, page -94.2
  PASS  E,H at y=-450 m, t=1 us: computed [-0, -0, -0, 0, 0, 0], page [0, 0, 0, 0, 0, 0]
  PASS  arrival at y=-450 m (us): computed 1.5, page 1.5
  PASS  E x H: (-z)x(-x)=+y above, (-z)x(x)=-y below

19.3 True/false, sheet z = 0, J = x J(t)
  PASS  (a) T: E continuous
  PASS  (b) F: H above, below (y comps, per A/m): computed [-0.5, 0.5], page [-0.5, 0.5]
  PASS  (c) F: |E| at 300 m (later by 300/c) equals |E| at 3 m: computed [188.5, 1], page [188.5, 1]
  PASS  (d) T: J.E at sheet per (A/m)^2: computed -188.5, page -188.4
  PASS  (e) T: |E| per A/m in eps_r=4, |H| per A/m: computed [94.248, 0.5], page [94.2, 0.5]
  PASS  (f) F: below the sheet E x H = [0, 0, -94.248] points along -z

19.4 Reading a wave's parameters
  PASS  omega, f, beta, lambda, vp: computed [1.885e+09, 3e+08, 12.566, 0.5, 1.5e+08], page [1.885e+09, 3e+08, 12.57, 0.5, 1.5e+08]
  PASS  eps_r: computed 4, page 4
  PASS  eta = mu0 vp: computed [188.5, 188.5], page [188.5, 188.5]
  PASS  E = eta H x u (page: -3 pi cos y): page formula = recipe at 15 random points (max dev 1.9e-16)
  PASS  E amplitude: computed 9.4248, page 9.42
  PASS  19.4 fields: Faraday / Ampere-Maxwell / div by FD, worst relative residual 1.5e-12

19.5 Find the error, sheet x = 0, J = -y g
  PASS  H = +/- 1/2 g(t -/+ x/c) z: page formula = recipe at 30 random points (max dev 0.0e+00)
  PASS  E = +(eta0/2) g(t-|x|/c) y: page formula = recipe at 30 random points (max dev 0.0e+00)
  PASS  19.5 corrected fields: Faraday / Ampere-Maxwell / div by FD, worst relative residual 1.4e-12
  PASS  19.5: n x (H1-H2) = J_s and n x (E1-E2) = 0 at the sheet, worst 1.1e-06
  PASS  student H (z), E(x>0) (y), E(x<0) (y) per g: computed [0.5, 0.5, -0.5], page [0.5, 0.5, -0.5]
  PASS  student E jump (units eta0 g): computed 1, page 1
  PASS  jump x x (g z) = -g y = J_s; x<0: y x (-z) = -x

19.6 Triangle pulse in eps_r = 9 (REVISED geometry: sheet y = 0, J = -z g; was x = 0, +z = the worked problem's)
  PASS  v (m/ns), eta, eta/2 / pi: computed [0.1, 125.66, 20], page [0.1, 125.7, 20]
  PASS  H = +/- 1/2 g(t-|y|/v) x (y >< 0): page formula = recipe at 30 random points (max dev 0.0e+00)
  PASS  E = +20 pi g(t-|y|/v) z: page formula = recipe at 30 random points (max dev 7.1e-17)
  PASS  (-z) x y = +x, (-z) x (-y) = -x
  PASS  peak E_z, |H_x|: computed [188.5, 1.5], page [188.5, 1.5]
  PASS  record y=0.5: start, peak, end (ns), peak Ez, Hx: computed [5.0001, 6, 8.9999, 188.5, 1.5], page [5, 6, 9, 188.5, 1.5]
  PASS  record y=-0.3: start, peak, end (ns), peak Ez, Hx: computed [3.0001, 4, 6.9999, 188.5, -1.5], page [3, 4, 7, 188.5, -1.5]
  PASS  y=0.5 at 5.5 ns: Ez, Hx: computed [94.248, 0.75], page [94.2, 0.75]
  PASS  snapshot 6 ns y>0: inner edge, peak position, outer edge (m): computed [0.2001, 0.5, 0.5999], page [0.2, 0.5, 0.6]
  PASS  snapshot: Hx at y=0.5 and -0.5, Ez at +/-0.5: computed [1.5, -1.5, 188.5, 188.5], page [1.5, -1.5, 188.5, 188.5]
  PASS  spot y=0.3: Hx, Ez: computed [0.5, 62.832], page [0.5, 62.8]
  PASS  spot y=-0.55: Hx, Ez: computed [-0.75, 94.248], page [-0.75, 94.2]
  PASS  steep edge (slope 15 A/m per m) is the outer one (0.5-0.6 m); inner slope 5
  PASS  E x H away from the sheet: [0, 31.416, 0] at y=+0.3, [0, -31.416, 0] at y=-0.3
  PASS  jump y x (H+ - H-) at 2 ns (z): computed -2, page -2
  PASS  vacuum arrival at 0.5 m (ns): computed 1.6667, page 1.667
  PASS  19.6 fields: Faraday / Ampere-Maxwell / div by FD, worst relative residual 5.7e-13
  PASS  19.6: n x (H1-H2) = J_s and n x (E1-E2) = 0 at the sheet, worst 2.0e-06
  PASS  19.6 geometry now differs from the worked problem (x = 0, +z)

19.7 Which current made this field (inverse problem)
  PASS  delay (us): computed 2, page 2
  PASS  J_s y-amplitude, start, end: computed [-0.5, 0.5, 2], page [-0.5, 0.5, 2]
  PASS  forward model with J_s = -0.5 y (0.5-2 us) reproduces the probe record
  PASS  H at probe (x), S (z): computed [0.25, -23.562], page [0.25, -23.6]
  PASS  eta0 J^2/4: computed 23.562, page 23.6
  PASS  snapshot 3 us: z extent above (m): computed [300.01, 749.99], page [300, 750]
  PASS  at 3 us: E_y(500), H_x(500), E_y(-500), H_x(-500): computed [94.248, -0.25, 94.248, 0.25], page [94.2, -0.25, 94.2, 0.25]
  PASS  19.7: n x (H1-H2) = J_s and n x (E1-E2) = 0 at the sheet, worst 0.0e+00
  PASS  19.7 fields: Faraday / Ampere-Maxwell / div by FD, worst relative residual 2.7e-13

19.8 Cosine current in eps_r = 2.25
  PASS  v, eta, omega, beta, lambda: computed [2e+08, 251.33, 3.1416e+08, 1.5708, 4], page [2e+08, 251.3, 3.1416e+08, 1.571, 4]
  PASS  E = -50.3 cos(wt - b|y|) x (exact 16 pi): page formula = recipe at 20 random points (max dev 1.3e-15)
  PASS  H = +/-0.2 cos(wt - b|y|) z: page formula = recipe at 20 random points (max dev 1.4e-15)
  PASS  16 pi: computed 50.265, page 50.3
  PASS  19.8 fields: Faraday / Ampere-Maxwell / div by FD, worst relative residual 3.1e-11
  PASS  19.8: n x (H1-H2) = J_s and n x (E1-E2) = 0 at the sheet, worst 2.2e-07
  PASS  S peak above, below; 3.2 pi: computed [10.053, -10.053, 10.053], page [10.05, -10.05, 10.05]
  PASS  S_y above never negative
  PASS  S oscillation frequency (MHz): computed 99.998, page 100
  PASS  peak -J.E at sheet: computed 20.106, page 20.1
  PASS  omega t at 5 ns: computed 1.5708, page 1.5708
  PASS  t=5 ns, y=1: Ex, Hz, Sy: computed [-50.265, 0.2, 10.053], page [-50.3, 0.2, 10.05]
  PASS  t=5 ns, y=-3: Ex, Hz, Sy: computed [50.265, 0.2, -10.053], page [50.3, 0.2, -10.05]
  PASS  zeros of E on y>0 at 5 ns (m), first two beyond 0: computed [2, 4, 6], page [2, 4, 6]

19.9 Step and ramp (SP18 Exam 2 #5 style)
  PASS  H = -1/2 g(t - z/c) x (z>0), +1/2 g(t + z/c) x (z<0): page formula = recipe at 30 random points (max dev 0.0e+00)
  PASS  E = +60 pi g(t-|z|/c) y: page formula = recipe at 30 random points (max dev 3.8e-16)
  PASS  19.9 fields: Faraday / Ampere-Maxwell / div by FD, worst relative residual 1.1e-12
  PASS  19.9: n x (H1-H2) = J_s and n x (E1-E2) = 0 at the sheet, worst 3.3e-07
  PASS  E x H: y x (-x) = +z above, y x x = -z below
  PASS  landmarks at 4 ns: |z| for t'=0,1,3 ns: computed [1.2, 0.9, 0.3], page [1.2, 0.9, 0.3]
  PASS  Hx: z=0.2, 0.3+, 0.9-, 0.9+, 1.05, 1.3: computed [0, 3.3333e-06, 2, -1, -1, 0], page [0, 0, 2, -1, -1, 0]
  PASS  Hx: z=-0.2, -0.9+, -0.9-, -1.05, -1.3: computed [0, -2, 1, 1, 0], page [0, -2, 1, 1, 0]
  PASS  Ey: |z|=0.9-, 1.05 (both sides), -240pi, 120pi: computed [-753.98, -753.98, 376.99, 376.99, -753.98, 376.99], page [-754, -754, 377, 377, -754, 377]
  PASS  spot z=0.6: g, Hx, Ey: computed [-2, 1, -376.99], page [-2, 1, -377]
  PASS  probe z=-0.9: Hx at 2.9, 3.5, 4.0+, 5, 6.1 ns: computed [0, 1, -1.9999, -1, 0], page [0, 1, -2, -1, 0]
  PASS  probe record start, end (ns): computed [3, 5.9999], page [3, 6]
  PASS  S(0.6) z, S(-1.0) z: computed [376.99, -376.99], page [377, -377]
  PASS  t' at z=-1.0 (ns), g there, E_y, H_x: computed [0.66667, 2, 376.99, 1], page [0.667, 2, 377, 1]
  PASS  J.E at sheet t=0.5 ns: computed -753.98, page -754
  PASS  eta0 g^2/4 with g=2: computed 376.99, page 377
  PASS  19.9 waveform differs from the exam waveform; instant 4 ns vs exam 5 ns; plane z=0 vs y=0
  PASS  exam key reproduced by my code: forward H = -1/2 Js z (y=0, J=-Js x)
  PASS  19.9 forward H unit vector (-1/2 x) differs from the key's (-1/2 z)

19.10 Two sheets
  PASS  H_A = -/+ 1/2 g_A y (z >< 0): page formula = recipe at 20 random points (max dev 0.0e+00)
  PASS  H_B = +/- 1/2 g_B y (z >< 3): page formula = recipe at 20 random points (max dev 0.0e+00)
  PASS  (b) total field for z>3 m is zero on a 400x400 grid (max 0.0e+00)
  PASS  (c) z=-1.5 at 10 ns: Ex, Hy: computed [-188.5, 0.5], page [-188.5, 0.5]
  PASS  (c) z=-1.5 at 30 ns: Ex, Hy: computed [188.5, -0.5], page [188.5, -0.5]
  PASS  (c) pulse windows start times (ns): computed [5, 25, 34.999], page [5, 25, 35]
  PASS  (d) 15 ns: Ex, Hy at z=-3, 2.2, 3.5, 0.5, -5: computed [-188.5, 0.5, 0, -1, 0, 0, 0, 0, 0], page [-188.5, 0.5, 0, -1, 0, 0, 0, 0, 0]
  PASS  (d) extents: H=-1 region, A's downward region: computed [1.5001, 2.9999, -4.5, -1.5001], page [1.5, 3, -4.5, -1.5]
  PASS  (e) E at sheet B, 15 ns: computed 0, page 0
  PASS  (e) J_A.E at A, energy A (nJ/m2), pulse energy (nJ/m2): computed [-188.5, 1885, 942.48], page [-188.5, 1885, 942.5]
  PASS  (e) total energy through z=-10 m toward -z (nJ/m2): computed 1885, page 1885
  PASS  jump at z=3, t=15 ns: z x (H+ - H-): computed [-1, 0, 0], page [-1, 0, 0]
  PASS  19.10 superposed fields: Faraday / Ampere-Maxwell / div by FD, worst relative residual 1.0e-11

19.11 Diagonal sheet y = x
  PASS  beta, lambda: computed [3.1416, 2], page [3.1416, 2]
  PASS  side of P (+1 means n = (x-y)/sqrt2), d_P, t1 (ns): computed [1, 1.4142, 4.714], page [1, 1.414, 4.714]
  PASS  d = |x - y|/sqrt2
  PASS  H = +/-0.0707 (x+y) cos(wt - b d): page formula = recipe at 20 random points (max dev 1.7e-15)
  PASS  E = -12 pi cos(wt - b d) z: page formula = recipe at 20 random points (max dev 1.6e-15)
  PASS  0.1/sqrt2, 12 pi: computed [0.070711, 37.699], page [0.0707, 37.7]
  PASS  19.11 fields: Faraday / Ampere-Maxwell / div by FD, worst relative residual 8.2e-09
  PASS  19.11: n x (H1-H2) = J_s and n x (E1-E2) = 0 at the sheet, worst 5.7e-07
  PASS  E(P,t1): computed [-0, -0, -37.699], page [0, 0, -37.7]
  PASS  H(P,t1): computed [0.070711, 0.070711, -0], page [0.0707, 0.0707, 0]
  PASS  S(P,t1), |S|, 1.2 pi: computed [2.6657, -2.6657, 0, 3.7699, 3.7699], page [2.67, -2.67, 0, 3.77, 3.77]
  PASS  F_e: computed [0, 0, 6.0401e-18], page [0, 0, 6.04e-18]
  PASS  F_m: computed [4.271e-20, -4.271e-20, -0], page [4.27e-20, -4.27e-20, 0]
  PASS  |F_m|, |B|, ratio: computed [6.0401e-20, 1.2566e-07, 0.01], page [6.04e-20, 1.257e-07, 0.01]
  PASS  F_m = 0 for u || (x+y)
  PASS  F_m points along n (direction of travel)

19.12 Magnetic medium mu_r=2, eps_r=8, sheet x=0, J = -K z
  PASS  v, eta, 60 pi: computed [7.5e+07, 188.5, 188.5], page [7.5e+07, 188.5, 188.5]
  PASS  eta0/sqrt8 = 133.3 differs (watch-out claim)
  PASS  forward H per E_z (y), reverse (y), times eta: computed [-1, 1], page [-1, 1]
  PASS  A = B = eta/2 per unit K: computed [94.248, 94.248], page [94.248, 94.248]
  PASS  E_z = eta/2 K(t-|x|/v): page formula = recipe at 20 random points (max dev 0.0e+00)
  PASS  H_y = -/+ 1/2 K(t-|x|/v) (x >< 0): page formula = recipe at 20 random points (max dev 0.0e+00)
  PASS  19.12 fields: Faraday / Ampere-Maxwell / div by FD, worst relative residual 7.0e-13
  PASS  19.12: n x (H1-H2) = J_s and n x (E1-E2) = 0 at the sheet, worst 2.7e-09
  PASS  x=1.5: delay (us), Hy, Ez, static Hy: computed [0.02, -0.98, 184.73, -1], page [0.02, -0.98, 184.7, -1]
  PASS  x=60: delay (us), Hy, Ez: computed [0.8, -0.2, 37.699], page [0.8, -0.2, 37.7]
  PASS  (e) dEz/dx, mu dHy/dt (FD): computed [-2.5133, -2.5133], page [-2.513, -2.513]

W. Worked problem 'A current sheet launches two waves' -- independent re-solve from its statement
  PASS  v (m/ns), eta, eta/2: computed [0.15, 188.5, 94.248], page [0.15, 188.4, 94.2]
  PASS  (a) H = +1/2 Js(t - x/v) y (x>0), -1/2 Js(t + x/v) y (x<0): page formula = recipe at 30 random points (max dev 0.0e+00)
  PASS  (b) E = -(eta/2) Js(t -/+ x/v) z: page formula = recipe at 30 random points (max dev 0.0e+00)
  PASS  W fields: Faraday / Ampere-Maxwell / div by FD, worst relative residual 1.4e-12
  PASS  W: n x (H1-H2) = J_s and n x (E1-E2) = 0 at the sheet, worst 6.7e-07
  PASS  (a) jump x x (H1-H2) (z, per Js): computed 1, page 1
  PASS  (b) E x H at x=+0.001 points away from the sheet: [418.48, 0, 0]
  PASS  (b) E x H at x=-0.001 points away from the sheet: [-418.48, 0, 0]
  PASS  (c) landmarks |x| for t'=0,2,4 ns: computed [0.9, 0.6, 0.3], page [0.9, 0.6, 0.3]
  PASS  (c) Hy at x=0.2, 0.45, 0.6-, 0.6+, 0.75, 0.95: computed [0, -1, -1, 3, 1.5, 0], page [0, -1, -1, 3, 1.5, 0]
  PASS  (c) Hy at x=-0.2, -0.45, -0.6+, -0.6-, -0.95: computed [0, 1, 1, -3, 0], page [0, 1, 1, -3, 0]
  PASS  (c) ramp formula 1/2*3*(6 - x/0.15) at x=0.7: computed 2, page 2
  PASS  (c) Ez at 0.6+ , 0.45, -0.45, 0.75: computed [-565.48, 188.5, 188.5, -282.74], page [-565, 188, 188, -283]
  PASS  (c) Hy odd, Ez even
  PASS  (d) delay (ns): computed 3, page 3
  PASS  (d) Hy at 2.9, 3.5, 5-, 5+, 6, 6.9, 7.1 ns: computed [0, -0.75, -3, 1, 1, 1, 0], page [0, -0.75, -3, 1, 1, 1, 0]
  PASS  (e) S(0.75, 6 ns): computed [424.12, 0, 0], page [423.8, 0, 0]
  PASS  (e) eta/4 * 9, eta/2 * 9, eta*36/4 (kW): computed [424.12, 848.23, 1.6965], page [423.8, 848, 1.7]
  PASS  (e) -J.E at t'=1 ns: computed 848.23, page 848
  PASS  (e) S(-0.75, 6 ns): computed -424.12, page -424
  PASS  (e) max |S| in snapshot (kW/m2) and where (|x|): computed [1.6963, 0.60001], page [1.7, 0.6]
  PASS  variant vacuum: v (m/ns), eta0/2, front at 6 ns, H unchanged at 0.75*2: computed [0.3, 188.5, 1.8, 1.5], page [0.3, 188, 1.8, 1.5]
  PASS  worked problem: x=0, +z current, eps_r=4, ramp-then-step; 19.9: z=0, -y current, vacuum, step-then-ramp (distinct)

SUMMARY: 158 PASS, 0 FAIL of 158 checks
