== 11.8 Relaxation time versus collision time ==
PASS  11.8b mobility e*tau/m* [m^2/Vs]  computed 0.121764 | page 0.122 (3 s.f.)
PASS  11.8b sigma [S/m]  computed 1.95088 | page 1.95 (3 s.f.)
PASS  11.8b tau_r [s]  computed 5.31011e-11 | page 5.31e-11 (3 s.f.)
PASS  11.8b tau_r [ps]  computed 53.1011 | page 53 (2 s.f.)
PASS  11.8b amplitude rho0/(beta eps) [V/m]  computed 2 | page 2 (3 s.f.)
PASS  11.8b E_x(0) by sheet superposition [V/m]  computed -2 | page -2 (3 s.f.)
PASS  11.8b J_x(0) [A/m^2]  computed -3.90177 | page -3.9 (3 s.f.)
PASS  11.8b v_x(0) [m/s]  computed 0.243529 | page 0.244 (3 s.f.)
PASS  11.8a E_x = 0 on crest x=pi/4 and trough x=-pi/4  E(pi/4)=-3.98e-06, E(-pi/4)=-3.98e-06
PASS  11.8a page E_x(x,0) = -(rho0/(beta eps)) cos(beta x) matches sheet sum  max dev 1.0e-05
PASS  11.8a |E_x| max where rho = 0 (x = n pi/beta)  
PASS  11.8b current at x=0 along -x, crest (rho>0) at +pi/4: charge flows crest -> trough  
PASS  11.8b electrons drift +x (trough -> crest)  
PASS  11.8b crest position pi/(2 beta) [m]  computed 0.785398 | page 0.785 (3 s.f.)
PASS  11.8b rho0/e [m^-3]  computed 2.58633e+09 | page 2.6e+09 (2 s.f.)
PASS  11.8a rho(crest, tau_r)/rho0 = e^-1 (J = sigma E, MOL)  computed 0.367879 | page 0.367879 (6 s.f.)
PASS  11.8c Cu tau_r [s] (2 s.f.)  computed 1.52658e-19 | page 1.5e-19 (2 s.f.)
PASS  11.8d Cu tau_r [s] (3 s.f.)  computed 1.52658e-19 | page 1.53e-19 (3 s.f.)
PASS  11.8c Cu Drude tau [s]  computed 2.42146e-14 | page 2.4e-14 (2 s.f.)
PASS  11.8c Cu tau/tau_r  computed 158619 | page 160000 (2 s.f.)
PASS  11.8c Si tau_r/tau  computed 295.006 | page 295 (3 s.f.)
PASS  11.8d Cu sigma/(eps0 tau) [s^-2]  computed 2.70522e+32 | page 2.705e+32 (4 s.f.)
PASS  11.8d Cu N e^2/(m eps0) (tau cancels)  computed 2.70522e+32 | page 2.705e+32 (4 s.f.)
PASS  11.8d omega_p [rad/s]  computed 1.64475e+16 | page 1.64e+16 (3 s.f.)
PASS  11.8d Cu 4 sigma tau/eps0  computed 634478 | page 630000 (2 s.f.)
PASS  11.8d Cu Re s [1/s]  computed -2.06487e+13 | page -2.06e+13 (3 s.f.)
PASS  11.8d Cu |Im s| [rad/s]  computed 1.64475e+16 | page 1.64e+16 (3 s.f.)
PASS  11.8d f_p [Hz]  computed 2.61771e+15 | page 2.6e+15 (2 s.f.)
PASS  11.8d 2 tau [s]  computed 4.84292e-14 | page 4.8e-14 (2 s.f.)
PASS  11.8d oscillations per time constant f_p*2tau  computed 126.773 | page 127 (3 s.f.)
PASS  11.8d omega_p tau  computed 398.271 | page 398 (3 s.f.)
PASS  11.8d Cu simulated oscillation omega [rad/s]  computed 1.64475e+16 | page 1.64e+16 (3 s.f.)
PASS  11.8d Cu simulated envelope time constant [s]  computed 4.84292e-14 | page 4.8e-14 (2 s.f.)
PASS  11.8d Cu: number of zero crossings over 2 tau ~ 2*127  254 crossings
PASS  11.8d sea sigma/eps [1/s]  computed 5.57733e+09 | page 5.58e+09 (3 s.f.)
PASS  11.8d sea 1/tau [1/s]  computed 6.66667e+13 | page 6.67e+13 (3 s.f.)
PASS  11.8d sea 4 sigma tau/eps  computed 0.00033464 | page 0.00033 (2 s.f.)
PASS  11.8d sea s1 [1/s]  computed -6.66611e+13 | page -6.67e+13 (3 s.f.)
PASS  11.8d sea s2 [1/s]  computed -5.5778e+09 | page -5.58e+09 (3 s.f.)
PASS  11.8d sea slow time constant (MOL sim) [s]  computed 1.79282e-10 | page 1.79e-10 (3 s.f.)
PASS  11.8d sea slow time constant (roots) [s]  computed 1.79282e-10 | page 1.79e-10 (3 s.f.)
PASS  11.8d sea eps/sigma [ns]  computed 0.179297 | page 0.18 (2 s.f.)
PASS  11.8d sea tau_r = eps/sigma [s]  computed 1.79297e-10 | page 1.79e-10 (3 s.f.)
PASS  11.8d sea relative difference (sim)  computed 8.36669e-05 | page 8.4e-05 (2 s.f.)
PASS  11.8d sea 4 tau [s]  computed 6e-14 | page 6e-14 (1 s.f.)
PASS  11.8d Si 4 tau [s]  computed 7.2e-13 | page 7.2e-13 (2 s.f.)
PASS  11.8d Si slow time constant (MOL sim) [s]  computed 5.29205e-11 | page 5.29e-11 (3 s.f.)
PASS  11.8d Si slow time constant (roots) [s]  computed 5.29205e-11 | page 5.29e-11 (3 s.f.)
PASS  11.8d Si percent below tau_r  computed 0.340133 | page 0.34 (2 s.f.)
PASS  11.8d Cu 4 tau [s]  computed 9.68584e-14 | page 9.69e-14 (3 s.f.)
PASS  11.8d underdamped iff tau_r < 4 tau (Cu yes, sea no, Si no)  
== 12.10 Two crossing line currents ==
PASS  12.10a B from z wire at P [T]  computed [0.e+00 3.e-07 0.e+00] | page [0, 3e-07, 0]
PASS  12.10a B from x wire at P [T]  computed [0.e+00 2.e-07 0.e+00] | page [0, 2e-07, 0]
PASS  12.10a total B at P [T]  computed [0.e+00 5.e-07 0.e+00] | page [0, 5e-07, 0]
PASS  12.10a 5 mu0/(4 pi)  computed 5e-07 | page 5e-07 (3 s.f.)
PASS  12.10b page formula = numerical Biot-Savart at 6 random points  max rel dev 4.0e-14
PASS  12.10c least-squares nulls found from random starts  300 converged
PASS  12.10c every null has y = 0 and z = -x/3  max |y| 8.2e-15, max |z+x/3| 5.1e-15
PASS  12.10c null at x=3 (Biot-Savart, brentq): z  computed -1 | page -1 (4 s.f.)
PASS  12.10c null at x=-3: z  computed 1 | page 1 (4 s.f.)
PASS  12.10 check null on x=2: z  computed -0.666667 | page -0.666667 (4 s.f.)
PASS  12.10c |B(3,0,-1)| ~ 0 by Biot-Savart  5.3e-23 T
PASS  12.10 check at P the two fields are parallel (add)  
PASS  12.10d F on proton [N]  computed [0.       0.       8.010883] | page [0, 0, 8.01]
PASS  12.10d balancing E [V/m]  computed [-0.   -0.   -0.05] | page [0, 0, -0.05]
PASS  12.10d E/B = v and E perpendicular to v, B  
== 13.9 Two opposite slabs and a sheet ==
PASS  13.9a H = H_x xhat only  
PASS  13.9a page piecewise H_x = thin-sheet sum  max dev 1.3e-15
PASS  13.9b page piecewise H_x = thin-sheet sum  max dev 1.3e-15
PASS  13.9b H_x just below z=1  computed 6 | page 6 (3 s.f.)
PASS  13.9b H_x just above z=1  computed 3 | page 3 (3 s.f.)
PASS  13.9b zhat x (H1 - H2) at z=1 [A/m]  computed [ 0. -3.  0.] | page [0, -3, 0]
PASS  13.9b continuity at z=-3: 1.5  1.5000/1.5000
PASS  13.9b continuity at z=-1: 7.5  7.5000/7.5000
PASS  13.9b continuity at z=0: 7.5  7.5000/7.5000
PASS  13.9b continuity at z=4: -1.5  -1.5000/-1.5000
PASS  13.9c no sheet: H = 0 exactly for z<-3 and z>4, nowhere in (-3,4)  min |H| on (-2.99,3.99): 0.021
PASS  13.9c with sheet: single zero  roots [2.9999]
PASS  13.9c zero of H with sheet [m]  computed 2.9999 | page 3 (4 s.f.)
PASS  13.9c with sheet: outside values +1.5 (z<-3), -1.5 (z>4)  
PASS  13.9c 3z+10.5 would vanish at  computed -3.5 | page -3.5 (2 s.f.)
PASS  13.9 check slope dH_x/dz at z=-2.5  computed 3 | page 3 (3 s.f.)
PASS  13.9 check slope dH_x/dz at z=-1.5  computed 3 | page 3 (3 s.f.)
PASS  13.9 check slope dH_x/dz at z=2.0  computed -1.5 | page -1.5 (3 s.f.)
PASS  13.9 check slope dH_x/dz at z=3.5  computed -1.5 | page -1.5 (3 s.f.)
PASS  13.9d FD curl A at z=-0.6 [uT]  computed [1.884956 0.       0.      ] | page [1.885, 0, 0]
PASS  13.9d FD div A at z=-0.6 = 0  
PASS  13.9d H = B/mu0 at z=-0.6 vs sheet field 1/2 Js x n  computed [1.5 0.  0. ] | page [1.5 0.  0. ]
PASS  13.9d FD curl A at z=2.3 [uT]  computed [-1.884956  0.        0.      ] | page [-1.885, 0, 0]
PASS  13.9d FD div A at z=2.3 = 0  
PASS  13.9d H = B/mu0 at z=2.3 vs sheet field 1/2 Js x n  computed [-1.5  0.   0. ] | page [-1.5  0.   0. ]
PASS  13.9d slope jump of A_y at z=1 [Wb/m^2]  computed 3.76991e-06 | page 3.7699e-06 (5 s.f.)
PASS  13.9d Js = -(jump)/mu0 yhat [A/m]  computed [-0. -3. -0.] | page [0, -3, 0]
PASS  13.9 check net current K1+K2+Js  computed -3 | page -3 (3 s.f.)
== 14.10 Voltmeters around a ramping solenoid ==
PASS  14.10 P1->P2->P3->P4 is counter-clockwise seen from +z  
PASS  14.10 solenoid (r<0.2) inside rectangle  
PASS  14.10a emf around P1P2P3P4 (line integral of induced E) [V]  computed 2 | page 2 (4 s.f.)
PASS  14.10a I (positive = P1->P2, ccw) [A]  computed 0.1 | page 0.1 (3 s.f.)
PASS  14.10a drop across R1 [V]  computed 0.4 | page 0.4 (3 s.f.)
PASS  14.10a drop across R2 [V]  computed 0.6 | page 0.6 (3 s.f.)
PASS  14.10a drop across R3 [V]  computed 1 | page 1 (3 s.f.)
PASS  14.10 node potentials close around the loop  
PASS  14.10a Lenz: ccw current makes +z field at the centre (props up falling +z flux)  Bz = 4.81e-08 T
PASS  14.10b E_phi at r=0.5 [V/m]  computed 0.63662 | page 0.637 (3 s.f.)
PASS  14.10b E at r=0.5 is +phi (ccw seen from +z)  
PASS  14.10b E_phi at r=1.0 [V/m]  computed 0.31831 | page 0.318 (3 s.f.)
PASS  14.10b E at r=1.0 is +phi (ccw seen from +z)  
PASS  14.10b circulation on r=0.5 ccw = -dPsi/dt  computed 2 | page 2 (4 s.f.)
PASS  14.10c meter 1 [V]  computed 0.4 | page 0.4 (3 s.f.)
PASS  14.10c meter 2 [V]  computed -1.6 | page -1.6 (3 s.f.)
PASS  14.10c V1 - V2 [V]  computed 2 | page 2 (3 s.f.)
PASS  14.10d meter 3, leads along y=-1.1 [V]  computed 2.22045e-16 | page 0 (3 s.f.)
PASS  14.10d meter 3, leads along y=+0.5 [V]  computed -2 | page -2 (3 s.f.)
PASS  14.10c meter-2 loop (leads + R1 side back) is clockwise seen from +z  
PASS  14.10d meter-3 loop (leads at y=0.5 + wire back) is clockwise seen from +z  
PASS  14.10 hint: emf of a CLOCKWISE loop around the solenoid = +dPsi/dt (not -dPsi/dt)  computed -2 | page -2 (4 s.f.)
PASS  14.10d y=0.5 path stays outside the solenoid  
PASS  14.10c second route: 0 - IR3 - IR2 = -1.6  
== 15.3 Fields from given potentials ==
PASS  15.3 (b) = -grad Phi only at [ 0.3 -0.7  1.1]  
PASS  15.3 (c) = reversed y-curl order at [ 0.3 -0.7  1.1]  
PASS  15.3 (d) = -grad Phi + dA/dt at [ 0.3 -0.7  1.1]  
PASS  15.3 (b) = -grad Phi only at [ 1.7  2.2 -0.4]  
PASS  15.3 (c) = reversed y-curl order at [ 1.7  2.2 -0.4]  
PASS  15.3 (d) = -grad Phi + dA/dt at [ 1.7  2.2 -0.4]  
PASS  15.3 (b) = -grad Phi only at [-1.2  0.9  0. ]  
PASS  15.3 (c) = reversed y-curl order at [-1.2  0.9  0. ]  
PASS  15.3 (d) = -grad Phi + dA/dt at [-1.2  0.9  0. ]  
PASS  15.3 keyed answer: only option (a) matches E and B at all points  matches ['a']
PASS  15.3 grad(lambda) = -4yt yhat  
PASS  15.3 -d(lambda)/dt = 2y^2 = Phi  
PASS  15.3 Faraday: curl E = 0 = -dB/dt  
== 15.10 Shorted parallel-plate line ==
PASS  15.10a Js [A/m]  computed 200 | page 200 (3 s.f.)
PASS  15.10a H between [A/m]  computed [   0.    0. -200.] | page [0, 0, -200]
PASS  15.10a H above [A/m]  computed [0. 0. 0.] | page [0, 0, 0]
PASS  15.10a H below [A/m]  computed [0. 0. 0.] | page [0, 0, 0]
PASS  15.10a finite-width strips (Biot-Savart): centre field along -z, within 3% of ideal  H = [   0.      0.   -194.91] A/m
PASS  15.10a B in film [1e-4 T]  computed [ 0.        0.       -7.539822] | page [0, 0, -7.54]
PASS  15.10a yhat x (H1 - H2) at top strip [A/m]  computed [200.   0.   0.] | page [200, 0, 0]
PASS  15.10b current path is clockwise seen from +z -> dS = -z  
PASS  15.10b Psi [Wb]  computed 1.50796e-06 | page 1.51e-06 (3 s.f.)
PASS  15.10b L [nH]  computed 150.796 | page 151 (3 s.f.)
PASS  15.10b script-L [nH/m]  computed 150.796 | page 151 (3 s.f.)
PASS  15.10c L used in 1/2 L I^2 [nH]  computed 150.796 | page 150.8 (4 s.f.)
PASS  15.10c Wm = int 1/2 mu H^2 [uJ]  computed 7.53982 | page 7.54 (3 s.f.)
PASS  15.10c 1/2 L I^2 [uJ]  computed 7.53982 | page 7.54 (3 s.f.)
PASS  15.10c script-C [pF/m]  computed 664.064 | page 664 (3 s.f.)
PASS  15.10c LC/(mu0 eps0)  computed 9 | page 9 (4 s.f.)
PASS  15.10c 1/sqrt(LC) [m/s]  computed 9.99308e+07 | page 9.99e+07 (3 s.f.)
PASS  15.10c c/3 [m/s]  computed 9.99308e+07 | page 9.99e+07 (3 s.f.)
PASS  15.10d factor |B|  computed 1.5 | page 1.5 (3 s.f.)
PASS  15.10d factor Psi  computed 0.75 | page 0.75 (3 s.f.)
PASS  15.10d factor L  computed 0.25 | page 0.25 (3 s.f.)
PASS  15.10d factor script-C  computed 4 | page 4 (3 s.f.)
PASS  15.10d factor LC  computed 1 | page 1 (3 s.f.)

TOTAL FAIL = 0
exit=0
