
====================================================================================================
A. Constants (Lecture 18 sections 4, 5, 7; toolkit values)
====================================================================================================
[PASS] c = 1/sqrt(mu0 eps0) = 2.998e8 m/s  ::  c = 2.997925e+08 m/s
[PASS] c x 1 us = 299.8 m (~300 m)  ::  299.792 m
[PASS] c x 1 ms = 299.8 km (~300 km)  ::  299.792 km
[PASS] c x 1 ns = 0.2998 m (~30 cm)  ::  0.29979 m
[PASS] eta0 = sqrt(mu0/eps0) = 376.73 ohm  ::  eta0 = 376.7303 ohm
[PASS] 120 pi = 376.99 ohm; relative difference from eta0 = 6.9e-4  ::  120pi = 376.9911, rel diff = 6.923e-04
[PASS] eta0 c eps0 = 1 (so eps0 c = 1/eta0)  ::  1.000000000000000
[PASS] mu0 c = eta0 (so eta = mu v in vacuum)  ::  mu0 c = 376.7303
[PASS] slides' S22 '3e8' and '377': c/3e8 = 0.99931, eta0/377 = 0.99928  ::  0.99931, 0.99928

====================================================================================================
B. The curl-curl identity and the 3D vector wave equation (section 2)
====================================================================================================
[PASS] curl curl E = grad div E - lap E (test field, Cartesian components)  ::  LHS [-2.94289  1.6757  -0.39203], RHS [-2.94289  1.6757  -0.39203]
[PASS] source-free Maxwell for E = x f(t-z/v), H = y f/eta at z=0.05, t=2.3e-09: div E = div H = 0  ::  divE=0.0e+00, divH=0.0e+00
[PASS]    Faraday curl E = -mu dH/dt  ::  -9.118347e-01 vs -9.118347e-01
[PASS]    Ampere-Maxwell curl H = eps dE/dt (J = 0)  ::  4.840782e-03 vs 4.840782e-03
[PASS]    vector wave equation for E and for H  ::  lapEx=-1.80406e+02, mu eps d2Ex/dt2=-1.80406e+02
[PASS] source-free Maxwell for E = x f(t-z/v), H = y f/eta at z=-0.08, t=1.1e-09: div E = div H = 0  ::  divE=0.0e+00, divH=0.0e+00
[PASS]    Faraday curl E = -mu dH/dt  ::  -7.584971e+00 vs -7.584971e+00
[PASS]    Ampere-Maxwell curl H = eps dE/dt (J = 0)  ::  4.026738e-02 vs 4.026738e-02
[PASS]    vector wave equation for E and for H  ::  lapEx=-6.24897e+01, mu eps d2Ex/dt2=-6.24897e+01
[PASS] source-free Maxwell for E = x f(t-z/v), H = y f/eta at z=0.11, t=3.4e-09: div E = div H = 0  ::  divE=0.0e+00, divH=0.0e+00
[PASS]    Faraday curl E = -mu dH/dt  ::  7.333335e+00 vs 7.333335e+00
[PASS]    Ampere-Maxwell curl H = eps dE/dt (J = 0)  ::  -3.893148e-02 vs -3.893148e-02
[PASS]    vector wave equation for E and for H  ::  lapEx=5.95814e+01, mu eps d2Ex/dt2=5.95814e+01
[PASS] a travelling pulse has lap E != 0, so 'lap E = 0' (no displacement current) has no such wave  ::  lap Ex = -1.804e+02 V/m^3 (not 0; scale f''/v^2 ~ 1e2)
[PASS] variable eps: div D = 0 but div E != 0 (why constant eps is assumed)  ::  div D = 0.0e+00, div E = -0.640

====================================================================================================
C. Component equations (section 3): signs of the two scalar equations
====================================================================================================
[PASS] curl(x Ex(z,t)) = y dEx/dz  ->  dEx/dz = -mu dHy/dt  ::  [0.         0.92939599 0.        ]
[PASS] curl(y Hy(z,t)) = -x dHy/dz ->  -dHy/dz = eps dEx/dt  ::  [0.96740908 0.         0.        ]
[PASS] div(x Ex(z,t)) = dEx/dx = 0 automatically (trial field obeys Gauss)
[PASS] S9: curl of a field with no x,y dependence has x-comp -dEy/dz and z-comp 0  ::  (curl (0, z^2, 0))_x = -2z, _z = 0

====================================================================================================
D. 1D wave equation: cosines, factorization, d'Alembert (section 4)
====================================================================================================
[PASS] cos(w(t - z/v)) solves d2E/dz2 = mu eps d2E/dt2 (eps_r = 4)  ::  -1.304463e+01 vs -1.304463e+01
[PASS] cos(w(t + z/v)) solves d2E/dz2 = mu eps d2E/dt2 (eps_r = 4)  ::  1.256666e+01 vs 1.256666e+01
[PASS] v = 1/sqrt(mu eps) has units m/s and equals c/2 for eps_r = 4  ::  v = 1.49896e+08
[PASS] (d_tau + d_t)(d_tau - d_t)E = d2E/dtau2 - d2E/dt2 (factorization of the wave operator)  ::  -2.317169 vs -2.317174
[PASS] (d_tau + d_t) f(t - tau) = 0  [S19: Af'(-1) = -Af']
[PASS] (d_tau - d_t) g(t + tau) = 0  [S19: Bg' = Bg']
[PASS] tau = z sqrt(mu0 eps0) = z/c: 1 m -> 3.3356 ns  ::  3.33564e-09 s
[PASS] in xi = t - tau, zeta = t + tau: (d_tau + d_t) = 2 d_zeta and (d_tau - d_t) = -2 d_xi (so E = F(xi) + G(zeta))  ::  -0.038744 vs -0.038746; -1.517155 vs -1.517155 (FD error ~ h^2)
[PASS] sum_n A_n cos(w_n (t - z/v) + th_n) at (z,t) equals the z = 0 waveform at t - z/v
[PASS] the Fourier-synthesized waveform solves the 1D wave equation  ::  -6.44476e+01 vs -6.44476e+01

====================================================================================================
E. H from E: Faraday (notes) and Ampere (slides); eta; sign flip for -z (section 5)
====================================================================================================
[PASS] both waves present here: f = 0.1298, g = 0.2498
[PASS] Faraday dEx/dz = -mu dHy/dt with Hy = (A f - B g)/eta  ::  -1.009891e+00 vs -1.009891e+00
[PASS] Ampere -dHy/dz = eps dEx/dt with Hy = (A f - B g)/eta  ::  5.846808e-02 vs 5.846808e-02
[PASS] with +Bg instead of -Bg Ampere fails  ::  5.3613e-03 vs 5.8468e-02
[PASS] notes: amplitude 1/(mu v) = sqrt(eps/mu) = 1/eta
[PASS] slides: eps v = 1/eta (the z-antiderivative route)
[PASS] eta = mu v = 1/(eps v) (eps_r = 4 medium)  ::  eta = 188.3652
[PASS] Ex/Hy = +eta for the +z wave, -eta for the -z wave  ::  188.365, -188.365 ohm
[PASS] with both waves present Ex/Hy is NOT +-eta (trap on the impedance page)  ::  Ex/Hy = 36.01 ohm vs eta = 188.37
[PASS] adding a time-varying h(t) to Hy breaks Faraday (so the 'constant' is a static field, dropped)  ::  residual 1.366e+02

-- sign table with explicit cross products (u = direction of travel) --
[PASS] x-pol, +z: E=[1. 0. 0.], H=[0. 1. 0.]: E x H = [0. 0. 1.] = travel [0. 0. 1.]
[PASS] x-pol, +z: H = (1/eta) u x E  and  E = eta H x u
[PASS] x-pol, -z: E=[1. 0. 0.], H=[-0. -1. -0.]: E x H = [ 0.  0. -1.] = travel [-0. -0. -1.]
[PASS] x-pol, -z: H = (1/eta) u x E  and  E = eta H x u
[PASS] y-pol, +z: E=[0. 1. 0.], H=[-1. -0. -0.]: E x H = [0. 0. 1.] = travel [0. 0. 1.]
[PASS] y-pol, +z: H = (1/eta) u x E  and  E = eta H x u
[PASS] y-pol, -z: E=[0. 1. 0.], H=[1. 0. 0.]: E x H = [ 0.  0. -1.] = travel [-0. -0. -1.]
[PASS] y-pol, -z: H = (1/eta) u x E  and  E = eta H x u
[PASS] y-pol +z by Faraday: (curl E)_x = -mu dHx/dt holds with Hx = -f/eta  ::  7.59144e+00 vs 7.59144e+00
[PASS] z-pol along z: div E = -f'/v != 0 (forbidden by Gauss with rho = 0)  ::  div E = -7.5914e+00 V/m^2
[PASS] z-pol along z: curl E = 0, so Faraday gives no H at all
[PASS] ... yet E_z = f(t - z/v) satisfies the wave equation (necessary, not sufficient)  ::  -6.21391e+01 vs -6.21391e+01

====================================================================================================
F. Current sheet (slides S4-S11; section 3 and figure wave-current-sheet)
====================================================================================================
[PASS] static sheet (Lecture 13): H(z>0) = 1/2 Js x z = +y/2  ::  [0.  0.5 0. ]
[PASS] static sheet: H(z<0) = 1/2 Js x (-z) = -y/2  ::  [ 0.  -0.5  0. ]
[PASS] static sheet: z x (H+ - H-) = Js (jump condition, consistent)
[PASS] slides' ink 'E always opposite of J_s': E = +x when J_s = -x
[PASS] z>0: E x H = x x y = +z (away from the sheet)
[PASS] z<0: E x H = x x (-y) = -z (away from the sheet)
[PASS] figure frame (x up, y out of page, z right) is right-handed: x cross y = z
[PASS] notes' p.6 frame (x right, y into page, z up) is right-handed
[PASS] figure: 1/2 Js x n(right) on screen = out of the page (odot) = +y
[PASS] figure: 1/2 Js x n(left) on screen = into the page (otimes) = -y
[PASS] figure: E up x H odot = right (+z travel); E up x H otimes = left (-z travel)
[PASS] (L19 preview, not derived) E = -(eta/2)Js: H(0+) = +y/2, H(0-) = -y/2, the static jump J_s
[PASS] S5 sketch frame: x = y x z with y down, z right is out of the page
[PASS] S5 arrows (H down at z<0, up at z>0) match J = +x (out of page), i.e. opposite to S4's -x

====================================================================================================
G. Reading a wave: slide 24 challenge (section 6)
====================================================================================================
[PASS] f = (0.05y - t)^2: velocity +20 y m/s  ::  [ 0. 20.  0.]
[PASS] g = u(t + 0.02x): velocity -50 x m/s  ::  [-50.  -0.  -0.]
[PASS] h = cos(2pi 1e8 t - 2pi z): velocity +1e8 z m/s  ::  [      -0.               -0.         99999999.99999999]
[PASS] only option (c) matches  ::  ['c']
[PASS] the zero of f sits at y = 20 t: y = 0, 20, 40 m at t = 0, 1, 2 s
[PASS] (0.05y - t)^2 = (t - y/20)^2 (order of terms does not matter)
[PASS] h at 1e8 m/s in a non-magnetic medium needs eps_r = (c/v)^2 = 8.99 ~ 9  ::  eps_r = 8.9876
[PASS] its eta = mu0 v = 40 pi = 125.66 ohm = eta0/3.00  ::  mu0 v = 125.6637, eta0/sqrt(eps_r) = 125.6637
[PASS] h repeats every 1 m in z and every 10 ns in t (1 m / 10 ns = 1e8 m/s)
[PASS] f(a t - b z) moves toward +z at a/b (a = 3, b = 0.5 -> 6 m/s)
[PASS] f(a t + b z) moves toward -z at a/b

====================================================================================================
H. Shift identities (S25) and mirroring (section 6)
====================================================================================================
[PASS] +z: E(z,t) = E(0, t - z/v) = E(z - vt, 0)
[PASS] -z: E(z,t) = E(0, t + z/v) = E(z + vt, 0)
[PASS] forward check E(150, 2.6) = E(0, 1.1) = E(-110, 0) = 1
[PASS] +z wave: snapshot E(z,0) = E0(-z/v) is the time history mirrored
[PASS] -z wave: snapshot E(z,0) = E0(+z/v) is the time history, not mirrored

====================================================================================================
I. Slide 26 moving waveform (-z at 100 m/s) (section 6 and figure wave-moving-waveform)
====================================================================================================
[PASS] (a) z = 200 m, t = 0.2 s: t + z/v = 2.2 s -> E = 0.9  ::  E = 0.9000
[PASS] (b) z = -300 m, t = 3.4 s: t + z/v = 0.4 s -> E = 0.4  ::  E = 0.4000
[PASS] (c) z = 100 m, t = 0.6 s: t + z/v = 1.6 s -> E = 1.0  ::  E = 1.0000
[PASS] (a) wrong sign t - z/v = -1.8 s -> 0 (off the pulse)
[PASS] (b) wrong sign t - z/v = 6.4 s -> 0 (off the pulse)
[PASS] (c) wrong sign t - z/v = -0.4 s -> 0 (off the pulse)
[PASS] (a) on the falling ramp: 1 - 0.2/2 = 0.9
[PASS] snapshot t = 0 at z = [-100, 0, 50, 100, 200, 300, 400, 500]: [0, 0, 0.5, 1, 1, 0.5, 0, 0]
[PASS] snapshot t = 1 s at the same z: [0, 1, 1, 1, 0.5, 0, 0, 0] (shifted 100 m toward -z)
[PASS] t = 0 snapshot support: rises 0->1 on 0..100 m, flat to 200 m, back to 0 at 400 m
[PASS] a probe at z = -300 m sees E0(t - 3 s): the same history 3 s later

====================================================================================================
J. In matter, and on a cable (section 7); concept-page numbers
====================================================================================================
[PASS] eps_r = 4.0: v = c/sqrt(eps_r) = 1.4990e+08 m/s, eta = eta0/sqrt(eps_r) = 188.37 ohm
[PASS] eps_r = 9.0: v = c/sqrt(eps_r) = 9.9931e+07 m/s, eta = eta0/sqrt(eps_r) = 125.58 ohm
[PASS] eps_r = 2.25: v = c/sqrt(eps_r) = 1.9986e+08 m/s, eta = eta0/sqrt(eps_r) = 251.15 ohm
[PASS] eps_r = 4: v = 1.499e8 m/s; eta = 188.4 ohm (60 pi = 188.5)  ::  1.4990e+08, 188.365, 188.496
[PASS] eps_r = 2.25: v = 1.999e8 ~ 2.00e8 m/s, eta = 251.2 ohm
[PASS] general: v = c/sqrt(mu_r eps_r), eta = eta0 sqrt(mu_r/eps_r) (mu_r = 2, eps_r = 8: c/4, eta0/2)
[PASS] general: eta = mu v = 1/(eps v) for (mu_r, eps_r) = (2, 8)
[PASS] coax: 1/sqrt(L'C') = 1/sqrt(mu eps) = 2.00e8 m/s (the plane-wave speed)  ::  1.99862e+08
[PASS] coax: sqrt(L'/C') = (eta/2pi) ln(b/a) = 50.1 ohm with eta = 251 ohm  ::  Z0 = 50.076
[PASS] geometric factor ln(3.5)/2pi = 0.199  ::  0.1994
[PASS] parallel plates: sqrt(L'/C') = eta d/W (mu d/W over eps W/d)
[PASS] free space: E = 1 V/m travelling -> H = 1/eta0 = 2.654 mA/m  ::  2.6544 mA/m
[PASS] free space: B = mu0 H = E/c = 3.336 nT for E = 1 V/m  ::  3.3356e-09 T
[PASS] units: mu/eps in (H/m)/(F/m) = H/F = (ohm s)/(s/ohm) = ohm^2 -> eta in ohm  ::  dimensional, by inspection
[PASS] instantaneous E x H = E^2/eta along u for a single travelling wave (L20 preview)
[PASS] example: E = y (1 V/m) toward -z: H = (-z) x y / eta0 = +x 2.65 mA/m; check y x x = -z  ::  H = [2.65441873 0.         0.        ] mA/m
[PASS] tau = z/v in vacuum: 1 m <-> 3.34 ns
[PASS] superposition: Ex/Hy = eta (Af + Bg)/(Af - Bg) (not +-eta)  ::  36.0058 vs 36.0058
[PASS] (mu_r, eps_r) = (2, 8): eta = eta0/2 = 188.4 ohm, the same as eps_r = 4 alone; speed c/4 = half of c/2
[PASS] 120 pi approximates eta0 to 0.07 %

====================================================================================================
K. Worked problem 'A pulse on the move' (eps_r = 2.25 non-magnetic; travel along +y; E along z)
====================================================================================================
[PASS] given profile: 0 at y = 400 m rising to 6 V/m at y = 700 m (front), zero elsewhere
[PASS] (a) E(y,0) = E(y + 600, 3 us): 0.02(y + 200) on -200 < y < 100 m
[PASS] (a) at t = 0: front (6 V/m) at y = 100 m, back (0) at y = -200 m
[PASS] (a) wrong-way shift E(y - 600, 3 us) would put the pulse on 1000 < y < 1300 m
[PASS] (b) closed form 0.02(y - 200t + 200)[u(y - 200t + 200) - u(y - 200t - 100)] equals the translated profile
[PASS] (b) d'Alembert form: E_z = F(t - y/v), F(s) = 4(1 - s) on -0.5 < s < 1 us
[PASS] (b) F(-0.5) = 6 (front), F(1) = 0 (back); duration 1.5 us = 300 m / (200 m/us)
[PASS] (b) a probe at y = 0 records F(t): front passes at t = -0.5 us (6 V/m), back at t = 1 us
[PASS] (b) y - 200t + 200 = 200(1 - s) with s = t - y/200
[PASS] (c) at y = 1 km: E = 4(6 - t) V/m for 4.5 < t < 6 us, zero otherwise
[PASS] (c) the front arrives at t = 4.5 us (y = 100 + 200t = 1000), the back leaves at 6 us (-200 + 200t = 1000)
[PASS] (c) probe reading at y = 1 km, t = 5 us: 4 V/m  ::  4.0000
[PASS] (c) time history is the snapshot mirrored (+y travel): jump first, then falling ramp
[PASS] (c) snapshot at t = 5 us: 0.02(y - 800) on 800 < y < 1100 m, value at 1000 m = 4
[PASS] (d) v = 200 m/us = 2.0e8 m/s; eps_r = (c/v)^2 = 2.247 ~ 2.25  ::  eps_r = 2.2469
[PASS] (d) with c ~ 3e8: eps_r = 2.25 exactly
[PASS] (d) shape and peak preserved: the 6 V/m front is 6 V/m at t = 0, 3, 4.5 us (no attenuation)
[PASS] (e) eta = mu0 v = 80 pi = 251.3 ohm (= eta0/sqrt(eps_r))  ::  eta = 251.3274
[PASS] (e) eta with eps_r rounded to 2.25: eta0/1.5 = 251.2 ohm (same to 0.1%)
[PASS] (e) H direction: (1/eta) u x E = y x z = +x  ::  [1. 0. 0.]
[PASS] (e) check: E x H = z x x = +y (direction of travel)
[PASS] (e) peak H = 6/eta = 23.9 mA/m  ::  23.873 mA/m
[PASS] (e) H_x = F/eta = (1/(20 pi))(1 - s) A/m = 15.9(1 - s) mA/m
[PASS] (e) slope: 0.02/eta = 7.96e-5 A/m per m  ::  7.9577e-05
[PASS] (e) peak B = mu0 H = E/v = 3.0e-8 T = 30 nT
[PASS] (e) trap: using eta0 gives 6/376.7 = 15.9 mA/m (wrong medium)
[PASS] (e) problem fields at y = 1000.0 m, t = 5.0 us: Faraday and Ampere-Maxwell hold, div = 0  ::  (curlE)_x = 2.0000e-02, -mu dHx/dt = 2.0000e-02
[PASS] (e) problem fields at y = 950.0 m, t = 5.2 us: Faraday and Ampere-Maxwell hold, div = 0  ::  (curlE)_x = 2.0000e-02, -mu dHx/dt = 2.0000e-02
[PASS] (e) problem fields at y = 300.0 m, t = 1.4 us: Faraday and Ampere-Maxwell hold, div = 0  ::  (curlE)_x = 2.0000e-02, -mu dHx/dt = 2.0000e-02
[PASS] variant (-y travel): E(y,0) = E(y - 600, 3 us) occupies 1000 < y < 1300 m
[PASS] variant: at y = 1 km the history is 4t V/m for 0 < t < 1.5 us (same shape as the snapshot: not mirrored)
[PASS] variant: H = (1/eta)(-y) x z E = -x E/eta

====================================================================================================
L. Figure geometry (figs_l18.py), screen frame X right, Y up, Z out of the screen
====================================================================================================
[PASS] triad x-pol, +z: E x H in the screen frame = [1. 0. 0.] = drawn travel arrow [1. 0. 0.]
[PASS] triad x-pol, -z: E x H in the screen frame = [-1.  0.  0.] = drawn travel arrow [-1. -0. -0.]
[PASS] triad y-pol, +z: E x H in the screen frame = [1. 0. 0.] = drawn travel arrow [1. 0. 0.]
[PASS] triad y-pol, -z: E x H in the screen frame = [-1.  0.  0.] = drawn travel arrow [-1. -0. -0.]
[PASS] pulse-figure waveform peaks at t = a with value 1
[PASS] pulse-figure waveform negligible after 4 ns (< 0.01)  ::  f(4 ns) = 0.0073
[PASS] pulse figure: in 8 ns at c the front moves 2.40 m  ::  2.3983 m
[PASS] pulse figure: a 4 ns pulse is 1.20 m long at c
[PASS] +z snapshot at 8 ns: front (steep edge) at z = +2.40 m, tail toward -z
[PASS] -z snapshot at 8 ns: front (steep edge) at z = -2.40 m, tail toward +z
[PASS] +z snapshot = time history mirrored; -z snapshot = time history (same orientation)

----------------------------------------------------------------------------------------------------
TOTAL: 164 PASS, 0 FAIL
