==============================================================================
A. Atomic dipoles: m = IA, torque, M = N m
==============================================================================
   Bohr orbit: v = 2.1877e+06 m/s, I = e v/(2 pi a0) = 1.0542e-03 A, m = I pi a0^2 = 9.2740e-24 A m^2, muB = 9.2740e-24
PASS A1 Bohr-orbit current is about 1.05 mA  —  1.054 mA
PASS A1 Bohr-orbit moment equals the Bohr magneton e*hbar/2m_e = 9.27e-24 A m^2  —  9.27401e-24 vs 9.27401e-24
PASS A1 m = e v a/2 = I pi a^2
PASS A2 near-side current +x with the loop normal +z (counter-clockwise seen from +z): z x (-y) = +x
PASS A2 m = (q/2) r x v points along +z (up)
PASS A2 electron's m is antiparallel to its angular momentum L
PASS A2 m = -(e/2m_e) L
PASS A3 tilted loop theta=20 deg: net force zero, torque = m x B  —  T = [0.342 0.    0.   ], m x B = [0.342 0.    0.   ]
PASS A3 theta=20 deg: the torque turns m toward B (d(m.B) > 0)
PASS A3 tilted loop theta=35 deg: net force zero, torque = m x B  —  T = [0.5736 0.     0.    ], m x B = [0.5736 0.     0.    ]
PASS A3 theta=35 deg: the torque turns m toward B (d(m.B) > 0)
PASS A3 tilted loop theta=60 deg: net force zero, torque = m x B  —  T = [0.866 0.    0.   ], m x B = [0.866 0.    0.   ]
PASS A3 theta=60 deg: the torque turns m toward B (d(m.B) > 0)
PASS A3 tilted loop theta=120 deg: net force zero, torque = m x B  —  T = [0.866 0.    0.   ], m x B = [ 0.866 -0.     0.   ]
PASS A3 theta=120 deg: the torque turns m toward B (d(m.B) > 0)
PASS A4 [fig mag-moment-torque] lower-right end carries current INTO the screen (otimes): m x r_R = -z
PASS A4 [fig mag-moment-torque] upper-left end carries current OUT of the screen (odot): m x r_L = +z
PASS A4 [fig] force on the lower-right end points RIGHT: (-z) x (+y) = +x
PASS A4 [fig] force on the upper-left end points LEFT: (+z) x (+y) = -x
PASS A4 [fig] couple's torque is out of the screen (counter-clockwise) and equals m x B0
PASS A4 [fig] counter-clockwise rotation moves the right-tilted m toward B0 (vertical)
   iron: N = 8.4911e+28 /m^3, M_sat (2.2 muB/atom) = 1.7324e+06 A/m, mu0 M = 2.1770 T
PASS A5 iron atom density about 8.5e28 per m^3
PASS A5 iron M_sat ≈ 1.7e6 A/m and mu0 M_sat ≈ 2.2 T
PASS A6 kT(300 K) / (muB x 1 T) ≈ 450  —  ratio = 446.6; kT = 4.142e-21 J, muB*1T = 9.274e-24 J
PASS A6b electrons per m^3 in copper ≈ 2.5e30 ('about 10^30')  —  atoms 8.491e+28/m^3, electrons 2.462e+30/m^3
PASS A7 units: (1/m^3)(A m^2) = A/m
PASS A8 mu0 x 1.0e6 A/m = 1.26 T (a permanent magnet ≈ 1000 turns/m x 1000 A)
==============================================================================
B. Bound-charge continuity and the macroscopic decomposition (finite differences)
==============================================================================
PASS B1 bound charge rho_b = -div P and bound current J_b = dP/dt + curl M obey continuity  —  max residual 1.1e-12
PASS B2 div(curl M) = 0: the magnetization current never piles up charge  —  max 0.0e+00
PASS B3 with H = B/mu0 - M and D = eps0 E + P, curl H = J_free + dD/dt (same J_free)  —  rel. residual 6.0e-13
PASS B4 div(eps0 E) = rho_f - div P  <=>  div D = rho_f
==============================================================================
C. Atomic loops -> magnetization current (volume curl M and surface M x n)
==============================================================================
PASS C1 uniform loops: every interior edge carries zero net current
PASS C1 uniform loops: right boundary +I (up), left -I (down), bottom +I (right), top -I (left)
PASS C1 boundary current direction on the right edge equals M x n (M out of the page)
PASS C1 boundary current direction on the top edge equals M x n (M out of the page)
PASS C1 boundary current direction on the left edge equals M x n (M out of the page)
PASS C1 boundary current direction on the bottom edge equals M x n (M out of the page)
PASS C1 surface current per unit length I/s equals M = I s^2/s^3
PASS C2 non-uniform M: the uncancelled edge current density equals -dMz/dx = (curl M)_y  —  edge J_y at x=0.51: -2.5050 vs -2.5050
PASS C2 M = M0 (x/d) z gives curl M = -(M0/d) y (uniform)
PASS C3 rod: M x r_hat = M phi_hat on the side (a solenoid winding, counter-clockwise seen from +z)
PASS C3 rod: no magnetization current on the end faces (M x (+-z) = 0)
PASS C3 [fig mag-loops-surface-current] rod with M up: right side current INTO the screen (y x x = -z)
PASS C3 [fig] rod with M up: left side current OUT of the screen (y x -x = +z)
PASS C3 [fig] explicit dl x R_hat: the two wires give B along +y (up) at the centre
PASS C4 thin layer: integral of curl M across the surface = M x n (n = +x)
PASS C5 interface magnetization current n x (M1 - M2) = (face of 2: M2 x n) + (face of 1: M1 x (-n))
PASS C6 twin: rho_sb = -n.(P1 - P2) = P2.n + P1.(-n)
==============================================================================
D. H, chi_m, mu; the solenoid with a core; inductance; demagnetization
==============================================================================
PASS D1 chi_m=-9.4e-06: B = mu0(H + M) = mu H, H = B/mu0 - M, M = B(mu-mu0)/(mu mu0) = chi_m H
PASS D1 chi_m=2.1e-05: B = mu0(H + M) = mu H, H = B/mu0 - M, M = B(mu-mu0)/(mu mu0) = chi_m H
PASS D1 chi_m=99: B = mu0(H + M) = mu H, H = B/mu0 - M, M = B(mu-mu0)/(mu mu0) = chi_m H
PASS D1 chi_m=4999: B = mu0(H + M) = mu H, H = B/mu0 - M, M = B(mu-mu0)/(mu mu0) = chi_m H
   solenoid: H = 2000 A/m, B0 = 2.5133 mT, M = 1.9800e+05 A/m, mu0 M = 0.24881 T, B_core = 0.25133 T
PASS D2 solenoid n=1000/m, I=2 A: H = 2000 A/m in and out of the core
PASS D2 B0 = mu0 n I = 2.51 mT outside the core
PASS D2 M = 99 x 2000 = 1.98e5 A/m, mu0 M = 0.249 T
PASS D2 B_core = B0 + mu0 M = mu0 (1 + chi) H = 0.251 T = 100 B0
PASS D2 H = B/mu0 - M equals n I inside the core too
PASS D2 iron mu_r = 5000 in the same coil: linear formula gives 12.6 T, far above iron's ≈2.2 T saturation
PASS D2 Ampere on a rectangle through the core: H*l = (n l) I, independent of the core
PASS D3 (A_l/(dx dy)) mu0 I_l/dz = mu0 N_a I_l A_l = mu0 M
PASS D3 twin: dipole lattice averages to -P/eps0 (against p); loop lattice to +mu0 M (along m)
PASS D4 sphere mu_r=100: H_in = H0 - M/3 = 3H0/(mu_r+2); B_in/(mu0 H0) = 3mu_r/(mu_r+2) = 2.9412
PASS D4 sphere mu_r=5000: H_in = H0 - M/3 = 3H0/(mu_r+2); B_in/(mu0 H0) = 3mu_r/(mu_r+2) = 2.9988
PASS D4 an iron sphere multiplies B by less than 3, a long iron rod along H by mu_r
   solenoid L: air 12.566 uH, mu_r=100 core 1.2566 mH
PASS D5 L = n^2 mu0 A l = 12.6 uH (n=1000/m, A=1 cm^2, l=10 cm); filled core mu_r=100 -> 1.26 mH
==============================================================================
E. Material tables (slides): chi_m <-> mu_r and classification
==============================================================================
   Copper         chi_m = -9.40e-06 -> mu_r = 0.9999906
   Water          chi_m = -8.80e-06 -> mu_r = 0.9999912
   Platinum       chi_m = +2.90e-05 -> mu_r = 1.0000290
   Aluminum       chi_m = +2.10e-05 -> mu_r = 1.0000210
   Liquid oxygen  chi_m = +3.50e-05 -> mu_r = 1.0000350
PASS E1 copper -0.94e-5 -> mu_r 0.9999906 ≈ table 0.999991
PASS E1 water -0.88e-5 -> mu_r 0.9999912 ≈ table 0.999991
PASS E1 aluminum +2.10e-5 -> mu_r 1.000021 ≈ table 1.00002
   Bismuth                mu_r = 0.99983    chi_m = -0.00017
   Silver                 mu_r = 0.99993    chi_m = -7e-05
   Copper                 mu_r = 0.999991   chi_m = -9e-06
   Water                  mu_r = 0.999991   chi_m = -9e-06
   Aluminum               mu_r = 1.00002    chi_m = +2e-05
   Palladium              mu_r = 1.0008     chi_m = +0.0008
   2-81 Permalloy powder  mu_r = 130        chi_m = +129
   Cobalt                 mu_r = 250        chi_m = +249
   Nickel                 mu_r = 600        chi_m = +599
   Ferroxcube 3           mu_r = 1500       chi_m = +1.5e+03
   Mild steel             mu_r = 2000       chi_m = +2e+03
   Iron (0.2 imp.)        mu_r = 5000       chi_m = +5e+03
   Silicon iron           mu_r = 7000       chi_m = +7e+03
   78 Permalloy           mu_r = 100000     chi_m = +1e+05
   Mumetal                mu_r = 100000     chi_m = +1e+05
   Purified iron          mu_r = 200000     chi_m = +2e+05
   Superalloy             mu_r = 1e+06      chi_m = +1e+06
PASS E2 bismuth chi_m = -1.7e-4, silver -7e-5 (diamagnetic: negative)
PASS E2 palladium chi_m = +8e-4 (paramagnetic: small positive)
PASS E2 cobalt chi_m = 249, nickel 599, iron 4999 (ferromagnetic: >> 1)
PASS E2 every diamagnet in the table has mu_r < 1, every paramagnet 1 < mu_r < 1.001, every ferromagnet mu_r >= 130
==============================================================================
F. Hysteresis model used in figure mag-hysteresis
==============================================================================
PASS F1 descending branch crosses B = 0 at H = -Hc; ascending at +Hc
PASS F1 remanence B_r = B(H=0) on the descending branch is positive (permanent magnet)  —  B_r/B_s = 0.809
PASS F1 virgin curve starts at the origin and stays inside the loop
PASS F1 loop is traversed counter-clockwise in the (H, B) plane (positive area = energy lost per cycle)
==============================================================================
G. Slide-16 example: magnetic slab (mu_r = 100) between two opposite current sheets
==============================================================================
PASS G1 top sheet (-0.1 y) gives +0.05 x below it: (1/2)(-0.1 y) x (-z) = +0.05 x
PASS G1 bottom sheet (+0.1 y) gives +0.05 x above it: (1/2)(0.1 y) x z = +0.05 x
PASS G1 between the sheets H = 0.1 x A/m (= J_s x)
PASS G1 above and below the pair H = 0
PASS G1 slide hint: an out-of-page sheet (J = -y, y into page) has H = -(J/2) x above, +(J/2) x below
   slab: H = 0.1 x A/m, B = 1.25664e-05 x T, M = 9.90 x A/m; mu_r=1: B = 1.25664e-07 T
PASS G2 B in the slab = 100 mu0 (0.1) x = 1.2566e-5 x T (12.6 uT)
PASS G2 M in the slab = 99 x 0.1 = 9.9 x A/m
PASS G2 non-magnetic slab: same H, B = mu0 (0.1) = 1.2566e-7 T, M = 0; ratio 100
PASS G2 B = mu0 (H + M) consistency
PASS G3 slab top face: M x n = 9.9 x times z = -9.9 y A/m (same sense as the top free sheet)
PASS G3 slab bottom face: M x (-z) = +9.9 y A/m (same sense as the bottom free sheet)
PASS G3 inside the uniform slab curl M = 0: all of the magnetization current is on the faces
PASS G3 free + bound on the top face: -0.1 - 9.9 = -10 y A/m
PASS G4 vacuum formula with free + magnetization sheets reproduces B above all: 0.0000e+00 T
PASS G4 vacuum formula with free + magnetization sheets reproduces B air gap above the slab: 1.2566e-07 T
PASS G4 vacuum formula with free + magnetization sheets reproduces B inside the slab: 1.2566e-05 T
PASS G4 vacuum formula with free + magnetization sheets reproduces B air gap below the slab: 1.2566e-07 T
PASS G4 vacuum formula with free + magnetization sheets reproduces B below all: 0.0000e+00 T
PASS G5 [fig mag-slab-between-sheets] top free sheet -0.1 y -> screen +z: odot (out)
PASS G5 [fig] bottom free sheet +0.1 y -> screen -z: otimes (in)
PASS G5 [fig] top-face magnetization current -9.9 y -> odot; bottom-face +9.9 y -> otimes
PASS G5 [fig] H, M, B along +x -> arrows pointing right
PASS G5 page frame (x right, z up, y into page) is right-handed: x_s x (-z_s) = +y_s
==============================================================================
H. Boundary conditions in magnetic media; refraction
==============================================================================
PASS H1 B_n continuous + H_t continuous => mu1 H1n = mu2 H2n and tan(th1)/tan(th2) = mu1/mu2 (B lines bend the same as H)
PASS H2 air over iron (mu_r 5000): theta_iron = 85.0 deg -> theta_air = 0.131 deg
PASS H2 air over iron (mu_r 5000): theta_iron = 89.0 deg -> theta_air = 0.656 deg
PASS H2 air over iron (mu_r 5000): theta_iron = 89.9 deg -> theta_air = 6.537 deg
PASS H3 with no free current tangential B still jumps: B1t/mu1 = B2t/mu2, B1t != B2t
==============================================================================
I. Worked problem: fields across a magnetic interface (z = 0, n = +z from 2 into 1)
==============================================================================
PASS I-a H2 = 4x - 3y - 3z A/m
PASS I-a tangential H copied (no free current) and mu1 H1n = mu2 H2n: 2(-9) = 6(-3)
PASS I-b B1 = mu0 (8x - 6y - 18z), B2 = mu0 (24x - 18y - 18z)
PASS I-b normal B equal (-18 mu0) on both sides; tangential B jumps by mu2/mu1 = 3
   B1z = B2z = -2.2619e-05 T ; |B1| = 2.5876e-05 T ; |B2| = 4.3964e-05 T
PASS I-b B_z = -18 mu0 = -2.26e-5 T (-22.6 uT)
PASS I-c M1 = 4x - 3y - 9z, M2 = 20x - 15y - 15z A/m
PASS I-c M = B/mu0 - H in each medium
   theta1 = 29.05 deg, theta2 = 59.04 deg, tan ratio = 0.3333
PASS I-d theta1 = atan(5/9) = 29.05 deg, theta2 = atan(5/3) = 59.04 deg
PASS I-d tan(theta1)/tan(theta2) = 1/3 = mu1/mu2
PASS I-d |H1t| = |H2t| = 5 A/m (3-4-5)
PASS I-e face of medium 2: M2 x (+z) = -15x - 20y A/m
PASS I-e face of medium 1: M1 x (-z) = +3x + 4y A/m
PASS I-e interface magnetization current = -12x - 16y A/m (= n x (M1 - M2)), magnitude 20 A/m
PASS I-e check: n x (B1 - B2)/mu0 = J_s(free = 0) + J_sM
PASS I-e the face currents are antiparallel to each other (opposite faces, same-sense M_t)
PASS I-e J_sM is perpendicular to H_t (it is n x (tangential M jump), (chi1 - chi2) z x H1t)
PASS I-e normal H jumps by minus the normal-M jump: H1z - H2z = -(M1z - M2z) = 6
PASS I-trap inverted ratio gives H2z = (6/2)(-9) = -27 (wrong)
PASS I-trap scaling the whole vector by 1/3 gives (4/3, -1, -3) (wrong: H_t is continuous)
PASS I-trap M = mu0 chi H would be in tesla (wrong units): 1.0 * mu0 * 4 = 5.0e-6
PASS I-var J_s x n = 2y x z = +2x, so H2t = H1t - J_s x n = (2, -3)
PASS I-var boundary condition n x (H1 - H2) = J_s holds
PASS I-var H2 = 2x - 3y - 3z (normal part unchanged: B_n still continuous)
PASS I-var B2 = mu0 (12x - 18y - 18z), M2 = 10x - 15y - 15z
PASS I-var J_sM = n x (M1 - M2) = -12x - 6y A/m
PASS I-var total J_s + J_sM = -12x - 4y = n x (B1 - B2)/mu0
PASS I-var theta2 = atan(sqrt(13)/3) = 50.2 deg  —  50.24 deg
PASS I-pattern general recipe (H2t = H1t - J_s x n, H2n = (mu_r1/mu_r2) H1n) satisfies all conditions and the current check
PASS I-pattern numbers differ from the dielectric worked problem (4/6, (3,2,-6)) and FA26 (2/5, (4,0,-10))
PASS I-fig [fig mag-refraction] left panel: H1 drawn (t, n) = (5, -9), H2 = (5, -3)
==============================================================================
TOTAL: 134 checks, 134 PASS, 0 FAIL
