=== A. constants
ok   c: 299792458.000006 vs 299792458.0
ok   eta0 [ohm]: 376.730314 vs 376.730313
ok   120 pi: 376.991118 vs 376.991118
ok   120pi relative error: 0.000692 vs 0.000692
ok   eta0/2: 188.365157 vs 188.365
ok   mu0/eta0 = 1/c: 0.0 vs 0.0
=== B. Notes Example 1: E = x tri((t - y/c)/tau), H and B
ok   Faraday z-component: dBz/dt = +dEx/dy (= -(curl E)_z): -0.006671 vs -0.006671
ok   E x H = x cross (-z) = +y (travel +y): [0. 1. 0.] vs [0. 1. 0.]
ok   H = u x E / eta: y cross x = -z: [ 0.  0. -1.] vs [-0. -0. -1.]
=== C. Notes Example 2: magnetic/electric force ratio = v_perp/c
ok   v = [1000000.       0.       0.]: |v x B|/|E| = 0.003336: 0.003336 vs 0.003336
ok   v = [      0. 1000000.       0.]: |v x B|/|E| = 0.003336: 0.003336 vs 0.003336
ok   v = [      0.       0. 1000000.]: |v x B|/|E| = 0: 0.0 vs 0.0
ok   v = [2.e+08 0.e+00 0.e+00]: |v x B|/|E| = 0.6671: 0.667128 vs 0.667128
ok   1e6 m/s: ratio 3.34e-3: 0.003336 vs 0.003336
ok   2e8 m/s: ratio 0.667: 0.667128 vs 0.667
=== D. Notes Example 3: ramp pulse, c = 300 m/us
ok   z/c = 2 us at 600 m: 2.0 vs 2.0
ok   E(0,t): -1 -> +1 over |t| < 0.5 us: [-0.9998  0.9998] vs [-1  1]
ok   E(600 m,t): -1 at 1.5, 0 at 2, +1 at 2.5 us: [-0.9998  0.      0.9998] vs [-1  0  1]
ok   E(z,0): +1 at -150 m, -1 at +150 m: [ 0.999933 -0.999933] vs [ 1 -1]
ok   E(z,2us): +1 at 450, 0 at 600, -1 at 750: [ 0.999933  0.       -0.999933] vs [ 1  0 -1]
ok   H peak 1/eta0 = 2.65 mA/m: 0.002654 vs 0.002654
ok   x cross y = z (travel +z): [0. 0. 1.] vs [0. 0. 1.]
=== E. The radiating sheet (notes' orientation J_s = x f(t), z = 0), general medium
ok   epsr=1, mur=1, z=0.37: Faraday dEx/dz = -mu dHy/dt
ok   epsr=1, mur=1, z=0.37: Ampere -dHy/dz = eps dEx/dt
ok   epsr=1, mur=1, z=-0.52: Faraday dEx/dz = -mu dHy/dt
ok   epsr=1, mur=1, z=-0.52: Ampere -dHy/dz = eps dEx/dt
ok   E_x continuous at the sheet: -163.585193 vs -163.585193
ok   z cross (H1 - H2) = J_s (n from 2 = z<0 into 1 = z>0): [0.868447 0.       0.      ] vs [0.868447 0.       0.      ]
ok   E_x / J_x = -eta/2 at the sheet: -188.365157 vs -188.365157
ok   epsr=4, mur=1, z=0.37: Faraday dEx/dz = -mu dHy/dt
ok   epsr=4, mur=1, z=0.37: Ampere -dHy/dz = eps dEx/dt
ok   epsr=4, mur=1, z=-0.52: Faraday dEx/dz = -mu dHy/dt
ok   epsr=4, mur=1, z=-0.52: Ampere -dHy/dz = eps dEx/dt
ok   E_x continuous at the sheet: -81.792596 vs -81.792596
ok   z cross (H1 - H2) = J_s (n from 2 = z<0 into 1 = z>0): [0.868447 0.       0.      ] vs [0.868447 0.       0.      ]
ok   E_x / J_x = -eta/2 at the sheet: -94.182578 vs -94.182578
ok   epsr=2, mur=3, z=0.37: Faraday dEx/dz = -mu dHy/dt
ok   epsr=2, mur=3, z=0.37: Ampere -dHy/dz = eps dEx/dt
ok   epsr=2, mur=3, z=-0.52: Faraday dEx/dz = -mu dHy/dt
ok   epsr=2, mur=3, z=-0.52: Ampere -dHy/dz = eps dEx/dt
ok   E_x continuous at the sheet: -200.350126 vs -200.350126
ok   z cross (H1 - H2) = J_s (n from 2 = z<0 into 1 = z>0): [0.868447 0.       0.      ] vs [0.868447 0.       0.      ]
ok   E_x / J_x = -eta/2 at the sheet: -230.69926 vs -230.69926
ok   z>0: E x H = (-x) cross (-y) = +z: [0. 0. 1.] vs [0. 0. 1.]
ok   z<0: E x H = (-x) cross (+y) = -z: [ 0.  0. -1.] vs [-0. -0. -1.]
ok   static sheet 1/2 J x n, z>0: -y/2: [ 0.  -0.5  0. ] vs [-0.  -0.5 -0. ]
ok   static sheet 1/2 J x n, z<0: +y/2: [0.  0.5 0. ] vs [0.  0.5 0. ]
ok   J_s . E = -eta/2 |J_s|^2 < 0 (sheet is a source)
=== F. Slides' route: J_s = -J_s(t) x, region 1 = z>0, a_n = z
ok   A f(t) = eta0/2 J_s for J_s = 0.8 A/m: 150.692125 vs 150.692
ok   a_z x (H1 - H2) = -J_s x = vec J_s: [-0.8  0.   0. ] vs [-0.8 -0.  -0. ]
ok   slides z>0: x cross y = +z: [0. 0. 1.] vs [0. 0. 1.]
ok   slides z<0: x cross (-y) = -z: [ 0.  0. -1.] vs [-0. -0. -1.]
ok   slides: E . J_s < 0
ok   random sheet: E x H along n (away from sheet): [0.363537 0.864299 0.347603] vs [0.363537 0.864299 0.347603]
ok   random sheet: |E|/|H| = eta: 376.730314 vs 376.730314
ok   random sheet: n x (H1 - H2) = J_s: [-1.471807  0.504395  0.285117] vs [-1.471807  0.504395  0.285117]
ok   random sheet: E x H along n (away from sheet): [-0.616362  0.667058  0.418488] vs [-0.616362  0.667058  0.418488]
ok   random sheet: |E|/|H| = eta: 376.730314 vs 376.730314
ok   random sheet: n x (H1 - H2) = J_s: [ 0.335096 -0.01591   0.5189  ] vs [ 0.335096 -0.01591   0.5189  ]
ok   random sheet: E x H along n (away from sheet): [-0.82269  -0.181986 -0.538574] vs [-0.82269  -0.181986 -0.538574]
ok   random sheet: |E|/|H| = eta: 376.730314 vs 376.730314
ok   random sheet: n x (H1 - H2) = J_s: [ 0.31717  -0.022587 -0.476856] vs [ 0.31717  -0.022587 -0.476856]
ok   random sheet: E x H along n (away from sheet): [-0.949885 -0.312444  0.009891] vs [-0.949885 -0.312444  0.009891]
ok   random sheet: |E|/|H| = eta: 376.730314 vs 376.730314
ok   random sheet: n x (H1 - H2) = J_s: [-0.401533  1.252642  1.008036] vs [-0.401533  1.252642  1.008036]
ok   random sheet: E x H along n (away from sheet): [-0.819336 -0.570876 -0.052818] vs [-0.819336 -0.570876 -0.052818]
ok   random sheet: |E|/|H| = eta: 376.730314 vs 376.730314
ok   random sheet: n x (H1 - H2) = J_s: [-0.248103  0.334939  0.228544] vs [-0.248103  0.334939  0.228544]
=== G. Notes Example 4: ramp sheet current, t = 2 us, c = 300 m/us, eta = 120 pi
ok   Ex.4 z = -750 m: H_y, E_x: [ -0.499967 188.482993] vs [ -0.5      188.495559]
ok   Ex.4 z = -600 m: H_y, E_x: [ 0. -0.] vs [0 0]
ok   Ex.4 z = -450 m: H_y, E_x: [   0.499967 -188.482993] vs [   0.5      -188.495559]
ok   Ex.4 z = 450 m: H_y, E_x: [  -0.499967 -188.482993] vs [  -0.5      -188.495559]
ok   Ex.4 z = 600 m: H_y, E_x: [-0. -0.] vs [0 0]
ok   Ex.4 z = 750 m: H_y, E_x: [  0.499967 188.482993] vs [  0.5      188.495559]
ok   60 pi = 188.5 V/m: 188.495559 vs 188.5
ok   E_x even in z: -125.663706 vs -125.663706
ok   H_y odd in z: -0.333333 vs -0.333333
=== H. Slide 17 (sheet on y = 0, current along -z)
ok   y>0: H = 1/2(-z) x y = +x/2: [0.5 0.  0. ] vs [0.5 0.  0. ]
ok   y<0: -x/2: [-0.5  0.   0. ] vs [-0.5 -0.  -0. ]
ok   E = -(eta/2) J_s = +z eta/2 J_s: [  0.         0.       188.365157] vs [  0.         0.       188.365157]
ok   y>0: E x H = z cross x = +y: [0. 1. 0.] vs [0. 1. 0.]
ok   y<0: z cross (-x) = -y: [ 0. -1.  0.] vs [-0. -1. -0.]
ok   |E| = eta0 H0: 376.730314 vs 376.73
=== I. Slide 11: transforming time and space, v = +100 m/s
ok   (a) E(z,1s) at 0,100,200,400,500: [ 0.  1. -1.  0.  0.] vs [ 0  1 -1  0  0]
ok   (a) zero crossing moves 50 -> 150 m: [0. 0.] vs [0 0]
ok   (b) E(0,t) at t = 1,0,-1,-3,-4 s: [ 0.  1. -1.  0.  0.] vs [ 0  1 -1  0  0]
ok   (b) zero crossing at t = -0.5 s: 0.0 vs 0
ok   (c) E(200 m,t) at 3,2,1.5,1,0,-1,-2 s: [ 0.   1.   0.  -1.  -0.5  0.   0. ] vs [ 0.   1.   0.  -1.  -0.5  0.   0. ]
ok   (c) E(200,t) = E(0, t - 2 s): [ 0.     0.     0.     0.     0.     0.     0.     0.     0.     0.
  0.     0.     0.     0.     0.     0.     0.     0.     0.     0.
  0.     0.     0.     0.     0.     0.     0.     0.     0.     0.
  0.     0.     0.     0.     0.     0.     0.     0.     0.     0.
  0.     0.     0.     0.     0.     0.     0.     0.     0.     0.
  0.     0.     0.     0.     0.     0.     0.     0.     0.     0.
  0.     0.     0.     0.     0.     0.     0.     0.     0.     0.
  0.     0.     0.     0.     0.     0.     0.     0.     0.     0.
  0.     0.     0.     0.     0.     0.     0.     0.     0.     0.
  0.     0.     0.     0.     0.     0.     0.     0.     0.     0.
  0.    -0.025 -0.05  -0.075 -0.1   -0.125 -0.15  -0.175 -0.2   -0.225
 -0.25  -0.275 -0.3   -0.325 -0.35  -0.375 -0.4   -0.425 -0.45  -0.475
 -0.5   -0.525 -0.55  -0.575 -0.6   -0.625 -0.65  -0.675 -0.7   -0.725
 -0.75  -0.775 -0.8   -0.825 -0.85  -0.875 -0.9   -0.925 -0.95  -0.975
 -1.    -0.9   -0.8   -0.7   -0.6   -0.5   -0.4   -0.3   -0.2   -0.1
  0.     0.1    0.2    0.3    0.4    0.5    0.6    0.7    0.8    0.9
  1.     0.95   0.9    0.85   0.8    0.75   0.7    0.65   0.6    0.55
  0.5    0.45   0.4    0.35   0.3    0.25   0.2    0.15   0.1    0.05
  0.     0.     0.     0.     0.     0.     0.     0.     0.     0.
  0.     0.     0.     0.     0.     0.     0.     0.     0.     0.
  0.     0.     0.     0.     0.     0.     0.     0.     0.     0.
  0.     0.     0.     0.     0.     0.     0.     0.     0.     0.
  0.     0.     0.     0.     0.     0.     0.     0.     0.     0.
  0.     0.     0.     0.     0.     0.     0.     0.     0.     0.
  0.   ] vs [ 0.     0.     0.     0.     0.     0.     0.     0.     0.     0.
  0.     0.     0.     0.     0.     0.     0.     0.     0.     0.
  0.     0.     0.     0.     0.     0.     0.     0.     0.     0.
  0.     0.     0.     0.     0.     0.     0.     0.     0.     0.
  0.     0.     0.     0.     0.     0.     0.     0.     0.     0.
  0.     0.     0.     0.     0.     0.     0.     0.     0.     0.
  0.     0.     0.     0.     0.     0.     0.     0.     0.     0.
  0.     0.     0.     0.     0.     0.     0.     0.     0.     0.
  0.     0.     0.     0.     0.     0.     0.     0.     0.     0.
  0.     0.     0.     0.     0.     0.     0.     0.     0.     0.
  0.    -0.025 -0.05  -0.075 -0.1   -0.125 -0.15  -0.175 -0.2   -0.225
 -0.25  -0.275 -0.3   -0.325 -0.35  -0.375 -0.4   -0.425 -0.45  -0.475
 -0.5   -0.525 -0.55  -0.575 -0.6   -0.625 -0.65  -0.675 -0.7   -0.725
 -0.75  -0.775 -0.8   -0.825 -0.85  -0.875 -0.9   -0.925 -0.95  -0.975
 -1.    -0.9   -0.8   -0.7   -0.6   -0.5   -0.4   -0.3   -0.2   -0.1
  0.     0.1    0.2    0.3    0.4    0.5    0.6    0.7    0.8    0.9
  1.     0.95   0.9    0.85   0.8    0.75   0.7    0.65   0.6    0.55
  0.5    0.45   0.4    0.35   0.3    0.25   0.2    0.15   0.1    0.05
  0.     0.     0.     0.     0.     0.     0.     0.     0.     0.
  0.     0.     0.     0.     0.     0.     0.     0.     0.     0.
  0.     0.     0.     0.     0.     0.     0.     0.     0.     0.
  0.     0.     0.     0.     0.     0.     0.     0.     0.     0.
  0.     0.     0.     0.     0.     0.     0.     0.     0.     0.
  0.     0.     0.     0.     0.     0.     0.     0.     0.     0.
  0.   ]
=== J. Sinusoidal sheet, Poynting vector, wave parameters
ok   100 MHz: beta, lambda, lambda f = c: [2.09584500e+00 2.99792500e+00 2.99792458e+08] vs [2.09580000e+00 2.99790000e+00 2.99792458e+08]
ok   S = E x H = +/- eta0 J^2/4 cos^2 z^ at z = 0.4: [ 0.        0.       94.138952] vs [ 0.        0.       94.138952]
ok   beta = |d phi/dz|: 2.095845 vs 2.095845
ok   beta = -/+ d phi / dz (upper z>0): 2.095845 vs 2.095845
ok   S = E x H = +/- eta0 J^2/4 cos^2 z^ at z = -0.4: [  0.         0.       -94.138952] vs [ -0.        -0.       -94.138952]
ok   beta = |d phi/dz|: 2.095845 vs 2.095845
ok   beta = -/+ d phi / dz (upper z>0): 2.095845 vs 2.095845
ok   peak S per side, J_S0 = 1 A/m: eta0/4 = 94.2 W/m^2: 94.182578 vs 94.18
ok   J_S0 = 0.1 A/m: peak 0.94 W/m^2: 0.941826 vs 0.9418
ok   2 x (eta/4 J^2) = -J_s . E = eta/2 J^2 at the sheet
ok   S = E^2/eta = eta H^2: [94.182578 94.182578] vs [94.182578 94.182578]
ok   SP18 E2 #1(vii): omega, f, lambda: [942477.796077 150000.         2000.      ] vs [942477.796077 150000.         2000.      ]
ok   lambda at 1 MHz = 300 m: 299.792458 vs 299.79
=== K. Slides 18-21 (x = 0 sheet), plot scale (peak 2 A/m) and printed-formula scale (x100)
ok   [plot scale] (a) H_y(400 m, 2.0001 us) just below peak: 1.9994 vs 1.9994
ok   [plot scale] (a) 2.3 us: 10% of peak; 0 after 7/3 us and before 2 us: [0.2 0.  0. ] vs [0.2 0.  0. ]
ok   [plot scale] (b) H_y(x, 4 us): [ 1.99998  1.       0.      -1.99998 -1.      -0.       0.      -0.     ] vs [ 2.  1.  0. -2. -1.  0.  0.  0.]
ok   [plot scale] (c) E_z(x, 2 us): [-753.459874 -376.730314   -0.       -753.459874 -376.730314   -0.      ] vs [-753.460627 -376.730314    0.       -753.460627 -376.730314    0.      ]
ok   [plot scale] (d) J_s,z at 2/3+, 0.8, 1.0, 0.5 us: [4.  2.4 0.  0. ] vs [4.  2.4 0.  0. ]
ok   [plot scale] (d) J_s = 12(1 - t/us) z^: 12.0 vs 12
ok   [formula scale] (a) H_y(400 m, 2.0001 us) just below peak: 199.94 vs 199.94
ok   [formula scale] (a) 2.3 us: 10% of peak; 0 after 7/3 us and before 2 us: [20.  0.  0.] vs [20.  0.  0.]
ok   [formula scale] (b) H_y(x, 4 us): [ 199.998  100.       0.    -199.998 -100.      -0.       0.      -0.   ] vs [ 200.  100.    0. -200. -100.    0.    0.    0.]
ok   [formula scale] (c) E_z(x, 2 us): [-75345.987387 -37673.031367     -0.       -75345.987387 -37673.031367
     -0.      ] vs [-75346.062733 -37673.031367      0.       -75346.062733 -37673.031367
      0.      ]
ok   [formula scale] (d) J_s,z at 2/3+, 0.8, 1.0, 0.5 us: [399.999999 240.         0.         0.      ] vs [400. 240.   0.   0.]
ok   [formula scale] (d) J_s = 1200(1 - t/us) z^: 1200.0 vs 1200
ok   plot scale (c) peak |E_z| = 2 eta0 = 753 V/m (754 with 120 pi): 753.460627 vs 753.5
ok   (d) x cross (H(0+) - H(0-)) along +z for H along +y: [0. 0. 1.] vs [0. 0. 1.]
ok   (d) consistency: 1/2 J_s x n with J along z, n = +x gives +y: [0.  0.5 0. ] vs [0.  0.5 0. ]
ok   (c) E along -z, H along +y: E x H = +x (travel +x): [1. 0. 0.] vs [1. 0. 0.]
=== L. Worked problem: sheet on x = 0, J_s = +J_s(t) y, eps_r = 4, mu_r = 1
ok   v = c/2, eta = eta0/2: [1.49896229e+08 1.88365157e+02] vs [1.49896e+08 1.88365e+02]
ok   60 pi approx: 188.495559 vs 188.5
ok   (a) x>0: H = 1/2 y cross x = -z/2: [ 0.   0.  -0.5] vs [-0.  -0.  -0.5]
ok   (a) x<0: H = 1/2 y cross (-x) = +z/2: [0.  0.  0.5] vs [0.  0.  0.5]
ok   (b) x>0: E x H = (-y) cross (-z) = +x: [1. 0. 0.] vs [1. 0. 0.]
ok   (b) x<0: (-y) cross z = -x: [-1.  0.  0.] vs [-1. -0. -0.]
ok   distances 0.3, 0.6, 0.9 m for 2, 4, 6 ns: [0.3 0.6 0.9] vs [0.3 0.6 0.9]
ok   (c) H_z(x, 6 ns), x > 0: [-0.   -0.    1.    1.    1.   -2.99 -1.5  -0.01 -0.  ] vs [ 0.   0.   1.   1.   1.  -3.  -1.5  0.   0. ]
ok   (c) H_z odd in x: [ 0.    0.   -1.   -1.   -1.    2.99  1.5   0.01  0.  ] vs [ 0.   0.  -1.  -1.  -1.   3.   1.5  0.   0. ]
ok   (c) E_y(x, 6 ns) = +eta, -3 eta, -1.5 eta (even): [ 188.365157 -563.211819 -282.547735  188.365157 -563.211819] vs [ 188.365157 -565.095471 -282.547735  188.365157 -565.095471]
ok   E_y levels 188, 565, 283 V/m: [188.365157 565.095471 282.547735] vs [188.4 565.1 282.5]
ok   (d) S(0.75 m, 6 ns) = eta J^2/4 x^ with J = 3 A/m: [423.821603   0.         0.      ] vs [423.821603   0.         0.      ]
ok   (d) 424 W/m^2: 423.821603 vs 423.8
ok   (d) S(-0.75 m, 6 ns) = -424 x^: [-423.821603    0.          0.      ] vs [-423.821603   -0.         -0.      ]
ok   (d) peak S at x = 0.6+ m: eta 36/4 = 1.70 kW/m^2: 1695.286412 vs 1695.3
ok   (e) probe at -0.45 m: H_z(t): [ 0.    0.75  2.85 -1.   -1.    0.  ] vs [ 0.    0.75  2.85 -1.   -1.    0.  ]
ok   (e) delay 0.45/0.15 = 3 ns: 3.0 vs 3.0
ok   variant: in vacuum E doubles, H unchanged: 2.0 vs 2.0
=== M. Lecture 15 connection: current source driving two parallel-plate lines
ok   two lines Z0 in parallel = Z0/2: 18.836516 vs 18.836516
ok   E = V/d = eta/2 J_s: same as the sheet: 188.365157 vs 188.365157
ok   1/sqrt(LC) = c for the plate line: 299792458.000006 vs 299792458.000006
=== N. Figure arrow checks (screen frame: X right, Y up, Z out)
ok   fig radiated-fields: z>0 H = 1/2 J x n -> into screen (otimes): [ 0.   0.  -0.5] vs [-0.  -0.  -0.5]
ok   fig radiated-fields: z<0 H -> out of screen (odot): [0.  0.  0.5] vs [0.  0.  0.5]
ok   fig radiated-fields: right side E x H = (down) x (in) = right: [1. 0. 0.] vs [1. 0. 0.]
ok   fig radiated-fields: left side E x H = (down) x (out) = left: [-1.  0.  0.] vs [-1. -0. -0.]
ok   fig problem: x>0 H for J_s > 0 -> into the screen (otimes): [ 0.   0.  -0.5] vs [-0.  -0.  -0.5]
ok   fig problem: x<0 H -> out of the screen (odot): [0.  0.  0.5] vs [0.  0.  0.5]
ok   fig problem: x>0 E (down) x H (in) = right: [1. 0. 0.] vs [1. 0. 0.]
=== O. Extra spot checks quoted on the pages
ok   Ex.4 spot check z = 700 m: H_y = 1/3 A/m, E_x = 40 pi V/m: [  0.333333 125.663706] vs [  0.333333 125.663706]
ok   Ex.4 spot check: x cross y = +z, away from sheet: [0. 0. 1.] vs [0. 0. 1.]
ok   problem (e): sheet gives eta/2 J^2 = 848 W/m^2 at t' = 1 ns: 847.643206 vs 847.6
ok   problem (e): half of it per wave: 423.821603 vs 423.821603
ok   problem (c) spot check E_y(0.75 m, 6 ns) = -283 V/m: -282.547735 vs -282.5
ok   variant: vacuum front at 1.8 m at 6 ns: 1.8 vs 1.8
ok   eta/2 = 94.2 ohm (eps_r = 4): 94.182578 vs 94.18

ALL 153 CHECKS PASSED
